Component: ARM Compiler 5.06 update 1 (build 61) Tool: armlink [4d35a8]

==============================================================================

Section Cross References

    main.o(i.advertising_init) refers to memseta.o(.text) for __aeabi_memclr4
    main.o(i.advertising_init) refers to ble_advertising.o(i.ble_advertising_init) for ble_advertising_init
    main.o(i.advertising_init) refers to app_error.o(i.app_error_handler) for app_error_handler
    main.o(i.advertising_init) refers to main.o(i.on_adv_evt) for on_adv_evt
    main.o(i.application_timers_start) refers to app_timer.o(i.app_timer_start) for app_timer_start
    main.o(i.application_timers_start) refers to app_error.o(i.app_error_handler) for app_error_handler
    main.o(i.application_timers_start) refers to main.o(.constdata) for m_led_timer_id
    main.o(i.assert_nrf_callback) refers to segger_rtt_printf.o(i.SEGGER_RTT_printf) for SEGGER_RTT_printf
    main.o(i.assert_nrf_callback) refers to nrf_delay.o(i.nrf_delay_ms) for nrf_delay_ms
    main.o(i.ble_evt_dispatch) refers to ble_conn_params.o(i.ble_conn_params_on_ble_evt) for ble_conn_params_on_ble_evt
    main.o(i.ble_evt_dispatch) refers to main.o(i.on_ble_evt) for on_ble_evt
    main.o(i.ble_evt_dispatch) refers to ble_advertising.o(i.ble_advertising_on_ble_evt) for ble_advertising_on_ble_evt
    main.o(i.ble_evt_dispatch) refers to ble_qik_cfg.o(i.ble_qik_cfg_on_ble_evt) for ble_qik_cfg_on_ble_evt
    main.o(i.ble_evt_dispatch) refers to ble_qik_motor.o(i.ble_qik_motor_on_ble_evt) for ble_qik_motor_on_ble_evt
    main.o(i.ble_evt_dispatch) refers to ble_bas.o(i.ble_bas_on_ble_evt) for ble_bas_on_ble_evt
    main.o(i.ble_evt_dispatch) refers to main.o(.bss) for m_ble_qik_cfg
    main.o(i.ble_stack_init) refers to softdevice_handler.o(i.softdevice_handler_init) for softdevice_handler_init
    main.o(i.ble_stack_init) refers to app_error.o(i.app_error_handler) for app_error_handler
    main.o(i.ble_stack_init) refers to softdevice_handler.o(i.softdevice_enable_get_default_config) for softdevice_enable_get_default_config
    main.o(i.ble_stack_init) refers to softdevice_handler.o(i.sd_check_ram_start) for sd_check_ram_start
    main.o(i.ble_stack_init) refers to softdevice_handler.o(i.softdevice_enable) for softdevice_enable
    main.o(i.ble_stack_init) refers to softdevice_handler.o(i.softdevice_ble_evt_handler_set) for softdevice_ble_evt_handler_set
    main.o(i.ble_stack_init) refers to softdevice_handler.o(i.softdevice_sys_evt_handler_set) for softdevice_sys_evt_handler_set
    main.o(i.ble_stack_init) refers to main.o(.constdata) for .constdata
    main.o(i.ble_stack_init) refers to main.o(.bss) for BLE_EVT_BUFFER
    main.o(i.ble_stack_init) refers to main.o(i.ble_evt_dispatch) for ble_evt_dispatch
    main.o(i.ble_stack_init) refers to main.o(i.sys_evt_dispatch) for sys_evt_dispatch
    main.o(i.conn_params_error_handler) refers to app_error.o(i.app_error_handler) for app_error_handler
    main.o(i.conn_params_init) refers to memseta.o(.text) for __aeabi_memclr4
    main.o(i.conn_params_init) refers to ble_conn_params.o(i.ble_conn_params_init) for ble_conn_params_init
    main.o(i.conn_params_init) refers to app_error.o(i.app_error_handler) for app_error_handler
    main.o(i.conn_params_init) refers to main.o(i.on_conn_params_evt) for on_conn_params_evt
    main.o(i.conn_params_init) refers to main.o(i.conn_params_error_handler) for conn_params_error_handler
    main.o(i.gap_params_init) refers to app_error.o(i.app_error_handler) for app_error_handler
    main.o(i.gpio_init) refers to main.o(i.nrf_gpio_pin_set) for nrf_gpio_pin_set
    main.o(i.main) refers to segger_rtt.o(i.SEGGER_RTT_WriteString) for SEGGER_RTT_WriteString
    main.o(i.main) refers to segger_rtt_printf.o(i.SEGGER_RTT_printf) for SEGGER_RTT_printf
    main.o(i.main) refers to nrf_delay.o(i.nrf_delay_ms) for nrf_delay_ms
    main.o(i.main) refers to main.o(i.qik_drv_init) for qik_drv_init
    main.o(i.main) refers to qik_drv_mc.o(i.qik_drv_set_parameter) for qik_drv_set_parameter
    main.o(i.main) refers to qik_drv_mc.o(i.qik_drv_print_config_parameters) for qik_drv_print_config_parameters
    main.o(i.main) refers to main.o(i.timers_init) for timers_init
    main.o(i.main) refers to main.o(i.gpio_init) for gpio_init
    main.o(i.main) refers to main.o(i.ble_stack_init) for ble_stack_init
    main.o(i.main) refers to main.o(i.gap_params_init) for gap_params_init
    main.o(i.main) refers to main.o(i.advertising_init) for advertising_init
    main.o(i.main) refers to main.o(i.services_init) for services_init
    main.o(i.main) refers to main.o(i.conn_params_init) for conn_params_init
    main.o(i.main) refers to main.o(i.application_timers_start) for application_timers_start
    main.o(i.main) refers to ble_advertising.o(i.ble_advertising_start) for ble_advertising_start
    main.o(i.main) refers to app_error.o(i.app_error_handler) for app_error_handler
[...]
    i.qik_drv_err_pin_setup                  0x00021004   Section        0  qik_drv_mc.o(i.qik_drv_err_pin_setup)
    qik_drv_err_pin_setup                    0x00021005   Thumb Code   164  qik_drv_mc.o(i.qik_drv_err_pin_setup)
    i.qik_drv_get_all_config_parameters      0x000210e0   Section        0  qik_drv_mc.o(i.qik_drv_get_all_config_parameters)
    i.qik_drv_get_byte                       0x0002115c   Section        0  qik_drv_mc.o(i.qik_drv_get_byte)
    qik_drv_get_byte                         0x0002115d   Thumb Code    54  qik_drv_mc.o(i.qik_drv_get_byte)
    i.qik_drv_get_error                      0x00021198   Section        0  qik_drv_mc.o(i.qik_drv_get_error)
    i.qik_drv_get_firmware_version           0x000211a6   Section        0  qik_drv_mc.o(i.qik_drv_get_firmware_version)
    i.qik_drv_get_parameter                  0x000211b4   Section        0  qik_drv_mc.o(i.qik_drv_get_parameter)
    i.qik_drv_init                           0x00021260   Section        0  main.o(i.qik_drv_init)
    qik_drv_init                             0x00021261   Thumb Code    64  main.o(i.qik_drv_init)
    i.qik_drv_print_config_parameters        0x000212cc   Section        0  qik_drv_mc.o(i.qik_drv_print_config_parameters)
    i.qik_drv_set_byte                       0x00021354   Section        0  qik_drv_mc.o(i.qik_drv_set_byte)
    qik_drv_set_byte                         0x00021355   Thumb Code    38  qik_drv_mc.o(i.qik_drv_set_byte)
    i.qik_drv_set_motor_speed                0x0002137c   Section        0  qik_drv_mc.o(i.qik_drv_set_motor_speed)
    i.qik_drv_set_parameter                  0x000214bc   Section        0  qik_drv_mc.o(i.qik_drv_set_parameter)
    i.qik_drv_setup                          0x0002160c   Section        0  qik_drv_mc.o(i.qik_drv_setup)
    i.qik_drv_uart_setup                     0x000217dc   Section        0  qik_drv_mc.o(i.qik_drv_uart_setup)
    qik_drv_uart_setup                       0x000217dd   Thumb Code    84  qik_drv_mc.o(i.qik_drv_uart_setup)
    i.qik_drv_update_config_parameters       0x00021840   Section        0  qik_drv_mc.o(i.qik_drv_update_config_parameters)
    i.rtc1_compare0_set                      0x0002192c   Section        0  app_timer.o(i.rtc1_compare0_set)
    rtc1_compare0_set                        0x0002192d   Thumb Code     6  app_timer.o(i.rtc1_compare0_set)
    i.rtc1_counter_get                       0x00021938   Section        0  app_timer.o(i.rtc1_counter_get)
    rtc1_counter_get                         0x00021939   Thumb Code     6  app_timer.o(i.rtc1_counter_get)
    i.rtc1_init                              0x00021944   Section        0  app_timer.o(i.rtc1_init)
    rtc1_init                                0x00021945   Thumb Code    18  app_timer.o(i.rtc1_init)
    i.rtc1_start                             0x0002195c   Section        0  app_timer.o(i.rtc1_start)
    rtc1_start                               0x0002195d   Thumb Code    48  app_timer.o(i.rtc1_start)
    i.rtc1_stop                              0x00021998   Section        0  app_timer.o(i.rtc1_stop)
    rtc1_stop                                0x00021999   Thumb Code    68  app_timer.o(i.rtc1_stop)
    i.rx_byte                                0x000219f0   Section        0  nrf_drv_uart.o(i.rx_byte)
    rx_byte                                  0x000219f1   Thumb Code    68  nrf_drv_uart.o(i.rx_byte)
    i.rx_done_event                          0x00021a40   Section        0  nrf_drv_uart.o(i.rx_done_event)
    rx_done_event                            0x00021a41   Thumb Code    30  nrf_drv_uart.o(i.rx_done_event)
    i.rx_enable                              0x00021a64   Section        0  nrf_drv_uart.o(i.rx_enable)
    rx_enable                                0x00021a65   Thumb Code    32  nrf_drv_uart.o(i.rx_enable)
    i.saadc_handler                          0x00021a88   Section        0  ble_bas.o(i.saadc_handler)
    i.saadc_init                             0x00021af0   Section        0  ble_bas.o(i.saadc_init)
    saadc_init                               0x00021af1   Thumb Code   132  ble_bas.o(i.saadc_init)
    i.sd_check_ram_start                     0x00021ba8   Section        0  softdevice_handler.o(i.sd_check_ram_start)
    i.sd_nvic_EnableIRQ                      0x00021bc4   Section        0  softdevice_handler.o(i.sd_nvic_EnableIRQ)
    sd_nvic_EnableIRQ                        0x00021bc5   Thumb Code   190  softdevice_handler.o(i.sd_nvic_EnableIRQ)
    i.sec_mgr_oob_flags_encode               0x00021c94   Section        0  ble_advdata.o(i.sec_mgr_oob_flags_encode)
    sec_mgr_oob_flags_encode                 0x00021c95   Thumb Code    54  ble_advdata.o(i.sec_mgr_oob_flags_encode)
    i.service_data_encode                    0x00021cca   Section        0  ble_advdata.o(i.service_data_encode)
    service_data_encode                      0x00021ccb   Thumb Code   150  ble_advdata.o(i.service_data_encode)
    i.services_init                          0x00021d60   Section        0  main.o(i.services_init)
    services_init                            0x00021d61   Thumb Code    30  main.o(i.services_init)
    i.sleep_mode_enter                       0x00021d94   Section        0  main.o(i.sleep_mode_enter)
    sleep_mode_enter                         0x00021d95   Thumb Code    32  main.o(i.sleep_mode_enter)
    i.sm_state_change                        0x00021dc4   Section        0  pstorage.o(i.sm_state_change)
    sm_state_change                          0x00021dc5   Thumb Code    14  pstorage.o(i.sm_state_change)
    i.softdevice_ble_evt_handler_set         0x00021dd8   Section        0  softdevice_handler.o(i.softdevice_ble_evt_handler_set)
    i.softdevice_enable                      0x00021df0   Section        0  softdevice_handler.o(i.softdevice_enable)
    i.softdevice_enable_get_default_config   0x00021e0c   Section        0  softdevice_handler.o(i.softdevice_enable_get_default_config)
    i.softdevice_fault_handler               0x00021e38   Section        0  softdevice_handler.o(i.softdevice_fault_handler)
    i.softdevice_handler_init                0x00021e4c   Section        0  softdevice_handler.o(i.softdevice_handler_init)
    i.softdevice_sys_evt_handler_set         0x00021eb0   Section        0  softdevice_handler.o(i.softdevice_sys_evt_handler_set)
    i.speed_char_add                         0x00021ec8   Section        0  ble_qik_motor.o(i.speed_char_add)
    speed_char_add                           0x00021ec9   Thumb Code   196  ble_qik_motor.o(i.speed_char_add)
    i.srdata_check                           0x00021fac   Section        0  ble_advdata.o(i.srdata_check)
    srdata_check                             0x00021fad   Thumb Code    14  ble_advdata.o(i.srdata_check)
    i.state_data_erase_entry_run             0x00021fbc   Section        0  pstorage.o(i.state_data_erase_entry_run)
    state_data_erase_entry_run               0x00021fbd   Thumb Code    12  pstorage.o(i.state_data_erase_entry_run)
    i.state_data_erase_swap_entry_run        0x00021fcc   Section        0  pstorage.o(i.state_data_erase_swap_entry_run)
    state_data_erase_swap_entry_run          0x00021fcd   Thumb Code   124  pstorage.o(i.state_data_erase_swap_entry_run)
    i.state_entry_action_run                 0x00022058   Section        0  pstorage.o(i.state_entry_action_run)
    state_entry_action_run                   0x00022059   Thumb Code    52  pstorage.o(i.state_entry_action_run)
    i.state_erase_data_page_entry_run        0x00022090   Section        0  pstorage.o(i.state_erase_data_page_entry_run)
    state_erase_data_page_entry_run          0x00022091   Thumb Code    12  pstorage.o(i.state_erase_data_page_entry_run)
    i.state_idle_entry_run                   0x000220a0   Section        0  pstorage.o(i.state_idle_entry_run)
    state_idle_entry_run                     0x000220a1   Thumb Code    18  pstorage.o(i.state_idle_entry_run)
    i.state_restore_head_entry_run           0x000220bc   Section        0  pstorage.o(i.state_restore_head_entry_run)
    state_restore_head_entry_run             0x000220bd   Thumb Code    44  pstorage.o(i.state_restore_head_entry_run)
    i.state_restore_tail_entry_run           0x000220f0   Section        0  pstorage.o(i.state_restore_tail_entry_run)
    state_restore_tail_entry_run             0x000220f1   Thumb Code    80  pstorage.o(i.state_restore_tail_entry_run)
    i.state_store_entry_run                  0x00022148   Section        0  pstorage.o(i.state_store_entry_run)
    state_store_entry_run                    0x00022149   Thumb Code     8  pstorage.o(i.state_store_entry_run)
    i.state_swap_erase_entry_run             0x00022150   Section        0  pstorage.o(i.state_swap_erase_entry_run)
    state_swap_erase_entry_run               0x00022151   Thumb Code    30  pstorage.o(i.state_swap_erase_entry_run)
    i.state_write_data_swap_entry_run        0x00022170   Section        0  pstorage.o(i.state_write_data_swap_entry_run)
    state_write_data_swap_entry_run          0x00022171   Thumb Code    50  pstorage.o(i.state_write_data_swap_entry_run)
    i.store_cmd_flash_write_execute          0x000221a8   Section        0  pstorage.o(i.store_cmd_flash_write_execute)
    store_cmd_flash_write_execute            0x000221a9   Thumb Code    94  pstorage.o(i.store_cmd_flash_write_execute)
    i.store_operation_execute                0x00022210   Section        0  pstorage.o(i.store_operation_execute)
    store_operation_execute                  0x00022211   Thumb Code    10  pstorage.o(i.store_operation_execute)
    i.store_sub_state_sm_run                 0x0002221c   Section        0  pstorage.o(i.store_sub_state_sm_run)
    store_sub_state_sm_run                   0x0002221d   Thumb Code    60  pstorage.o(i.store_sub_state_sm_run)
    i.swap_erase_state_run                   0x00022264   Section        0  pstorage.o(i.swap_erase_state_run)
    swap_erase_state_run                     0x00022265   Thumb Code    26  pstorage.o(i.swap_erase_state_run)
    i.swap_sub_sm_exit_action_run            0x00022284   Section        0  pstorage.o(i.swap_sub_sm_exit_action_run)
    swap_sub_sm_exit_action_run              0x00022285   Thumb Code     8  pstorage.o(i.swap_sub_sm_exit_action_run)
    i.swap_sub_state_entry_action_run        0x0002228c   Section        0  pstorage.o(i.swap_sub_state_entry_action_run)
    swap_sub_state_entry_action_run          0x0002228d   Thumb Code    16  pstorage.o(i.swap_sub_state_entry_action_run)
    i.swap_sub_state_err_busy_process        0x000222a4   Section        0  pstorage.o(i.swap_sub_state_err_busy_process)
    swap_sub_state_err_busy_process          0x000222a5   Thumb Code    24  pstorage.o(i.swap_sub_state_err_busy_process)
    i.swap_sub_state_sm_run                  0x000222c4   Section        0  pstorage.o(i.swap_sub_state_sm_run)
    swap_sub_state_sm_run                    0x000222c5   Thumb Code    16  pstorage.o(i.swap_sub_state_sm_run)
    i.swap_sub_state_state_change            0x000222dc   Section        0  pstorage.o(i.swap_sub_state_state_change)
    swap_sub_state_state_change              0x000222dd   Thumb Code    14  pstorage.o(i.swap_sub_state_state_change)
    i.sys_evt_dispatch                       0x000222f0   Section        0  main.o(i.sys_evt_dispatch)
    sys_evt_dispatch                         0x000222f1   Thumb Code    18  main.o(i.sys_evt_dispatch)
    i.tail_restore_state_run                 0x00022304   Section        0  pstorage.o(i.tail_restore_state_run)
    tail_restore_state_run                   0x00022305   Thumb Code    24  pstorage.o(i.tail_restore_state_run)
    i.tail_word_size_calculate               0x00022320   Section        0  pstorage.o(i.tail_word_size_calculate)
    tail_word_size_calculate                 0x00022321   Thumb Code    70  pstorage.o(i.tail_word_size_calculate)
    i.ticks_diff_get                         0x0002236c   Section        0  app_timer.o(i.ticks_diff_get)
    ticks_diff_get                           0x0002236d   Thumb Code    10  app_timer.o(i.ticks_diff_get)
    i.timeout_handler_exec                   0x00022378   Section        0  app_timer.o(i.timeout_handler_exec)
    timeout_handler_exec                     0x00022379   Thumb Code    56  app_timer.o(i.timeout_handler_exec)
    i.timer_battery_handler                  0x000223f0   Section        0  main.o(i.timer_battery_handler)
    i.timer_led_handler                      0x00022400   Section        0  main.o(i.timer_led_handler)
    i.timer_list_handler                     0x00022478   Section        0  app_timer.o(i.timer_list_handler)
    timer_list_handler                       0x00022479   Thumb Code    72  app_timer.o(i.timer_list_handler)
    i.timer_list_handler_sched               0x000224cc   Section        0  app_timer.o(i.timer_list_handler_sched)
    timer_list_handler_sched                 0x000224cd   Thumb Code    10  app_timer.o(i.timer_list_handler_sched)
    i.timer_list_insert                      0x000224d8   Section        0  app_timer.o(i.timer_list_insert)
    timer_list_insert                        0x000224d9   Thumb Code    98  app_timer.o(i.timer_list_insert)
    i.timer_list_remove                      0x00022540   Section        0  app_timer.o(i.timer_list_remove)
    timer_list_remove                        0x00022541   Thumb Code    90  app_timer.o(i.timer_list_remove)
    i.timer_motor_safety_handler             0x000225ac   Section        0  main.o(i.timer_motor_safety_handler)
    i.timer_start_op_schedule                0x000225c8   Section        0  app_timer.o(i.timer_start_op_schedule)
    timer_start_op_schedule                  0x000225c9   Thumb Code    86  app_timer.o(i.timer_start_op_schedule)
    i.timer_stop_op_schedule                 0x00022624   Section        0  app_timer.o(i.timer_stop_op_schedule)
    timer_stop_op_schedule                   0x00022625   Thumb Code    58  app_timer.o(i.timer_stop_op_schedule)
    i.timer_timeouts_check                   0x00022664   Section        0  app_timer.o(i.timer_timeouts_check)
    timer_timeouts_check                     0x00022665   Thumb Code   130  app_timer.o(i.timer_timeouts_check)
    i.timer_timeouts_check_sched             0x000226fc   Section        0  app_timer.o(i.timer_timeouts_check_sched)
    timer_timeouts_check_sched               0x000226fd   Thumb Code    10  app_timer.o(i.timer_timeouts_check_sched)
    i.timers_init                            0x00022708   Section        0  main.o(i.timers_init)
    timers_init                              0x00022709   Thumb Code   124  main.o(i.timers_init)
    i.tk_value_encode                        0x000227b0   Section        0  ble_advdata.o(i.tk_value_encode)
    tk_value_encode                          0x000227b1   Thumb Code    70  ble_advdata.o(i.tk_value_encode)
    i.tx_byte                                0x000227f8   Section        0  nrf_drv_uart.o(i.tx_byte)
    tx_byte                                  0x000227f9   Thumb Code    42  nrf_drv_uart.o(i.tx_byte)
    i.tx_done_event                          0x00022830   Section        0  nrf_drv_uart.o(i.tx_done_event)
    tx_done_event                            0x00022831   Thumb Code    38  nrf_drv_uart.o(i.tx_done_event)
    i.tx_power_level_encode                  0x0002285c   Section        0  ble_advdata.o(i.tx_power_level_encode)
    tx_power_level_encode                    0x0002285d   Thumb Code    54  ble_advdata.o(i.tx_power_level_encode)
    i.uart_error_handle                      0x00022894   Section        0  qik_drv_mc.o(i.uart_error_handle)
    uart_error_handle                        0x00022895   Thumb Code    84  qik_drv_mc.o(i.uart_error_handle)
    i.uart_event_handler                     0x00022930   Section        0  app_uart_fifo.o(i.uart_event_handler)
    uart_event_handler                       0x00022931   Thumb Code   170  app_uart_fifo.o(i.uart_event_handler)
    i.uart_irq_handler                       0x000229f0   Section        0  nrf_drv_uart.o(i.uart_irq_handler)
    uart_irq_handler                         0x000229f1   Thumb Code   342  nrf_drv_uart.o(i.uart_irq_handler)
    i.uarte_irq_handler                      0x00022b50   Section        0  nrf_drv_uart.o(i.uarte_irq_handler)
    uarte_irq_handler                        0x00022b51   Thumb Code   286  nrf_drv_uart.o(i.uarte_irq_handler)
    i.uint16_encode                          0x00022c7c   Section        0  ble_advdata.o(i.uint16_encode)
    uint16_encode                            0x00022c7d   Thumb Code    12  ble_advdata.o(i.uint16_encode)
    i.update_operation_execute               0x00022c88   Section        0  pstorage.o(i.update_operation_execute)
    update_operation_execute                 0x00022c89   Thumb Code     8  pstorage.o(i.update_operation_execute)
    i.update_timeout_handler                 0x00022c90   Section        0  ble_conn_params.o(i.update_timeout_handler)
    update_timeout_handler                   0x00022c91   Thumb Code   126  ble_conn_params.o(i.update_timeout_handler)
    i.user_id_get                            0x00022d20   Section        0  app_timer.o(i.user_id_get)
    user_id_get                              0x00022d21   Thumb Code    78  app_timer.o(i.user_id_get)
    i.user_op_alloc                          0x00022d78   Section        0  app_timer.o(i.user_op_alloc)
    user_op_alloc                            0x00022d79   Thumb Code    48  app_timer.o(i.user_op_alloc)
    i.user_op_enque                          0x00022da8   Section        0  app_timer.o(i.user_op_enque)
    user_op_enque                            0x00022da9   Thumb Code     4  app_timer.o(i.user_op_enque)
    i.uuid_list_encode                       0x00022dac   Section        0  ble_advdata.o(i.uuid_list_encode)
    uuid_list_encode                         0x00022dad   Thumb Code    78  ble_advdata.o(i.uuid_list_encode)
    i.uuid_list_sized_encode                 0x00022dfa   Section        0  ble_advdata.o(i.uuid_list_sized_encode)
    uuid_list_sized_encode                   0x00022dfb   Thumb Code   220  ble_advdata.o(i.uuid_list_sized_encode)
    i.whitelist_has_entries                  0x00022ed6   Section        0  ble_advertising.o(i.whitelist_has_entries)
    whitelist_has_entries                    0x00022ed7   Thumb Code    18  ble_advertising.o(i.whitelist_has_entries)
    .constdata                               0x00022ee8   Section       16  main.o(.constdata)
    m_led_timer_id                           0x00022ee8   Data           4  main.o(.constdata)
    m_battery_timer_id                       0x00022eec   Data           4  main.o(.constdata)
    m_motor_safety_timer_id                  0x00022ef0   Data           4  main.o(.constdata)
    .constdata                               0x00022ef8   Section       12  ble_bas.o(.constdata)
    .constdata                               0x00022f04   Section       32  ble_brobot_error.o(.constdata)
    .constdata                               0x00022f24   Section       32  ble_qik_cfg.o(.constdata)
    .constdata                               0x00022f44   Section       48  ble_qik_motor.o(.constdata)
    .constdata                               0x00022f74   Section        4  qik_drv_mc.o(.constdata)
    .constdata                               0x00022f78   Section        4  ble_conn_params.o(.constdata)
    m_conn_params_timer_id                   0x00022f78   Data           4  ble_conn_params.o(.constdata)
    .constdata                               0x00022f7c   Section       32  nrf_drv_uart.o(.constdata)
    m_default_config                         0x00022f7c   Data          32  nrf_drv_uart.o(.constdata)
    .constdata                               0x00022f9c   Section       40  pstorage.o(.constdata)
    swap_sub_state_sm_lut                    0x00022f9c   Data          20  pstorage.o(.constdata)
    swap_sub_state_sm_lut                    0x00022fb0   Data          20  pstorage.o(.constdata)
    .constdata                               0x00022fc4   Section        3  nrf_drv_saadc.o(.constdata)
    m_default_config                         0x00022fc4   Data           3  nrf_drv_saadc.o(.constdata)
    .constdata                               0x00022fc8   Section       32  app_uart_fifo.o(.constdata)
    .constdata                               0x00022fe8   Section       16  segger_rtt_printf.o(.constdata)
    _aV2C                                    0x00022fe8   Data          16  segger_rtt_printf.o(.constdata)
    .conststring                             0x00022ff8   Section       71  main.o(.conststring)
    .conststring                             0x00023040   Section     1838  msgs.o(.conststring)
    .conststring                             0x00023770   Section        9  segger_rtt.o(.conststring)
    .conststring                             0x0002377c   Section       87  softdevice_handler.o(.conststring)
    .data                                    0x20002080   Section        6  main.o(.data)
    m_conn_handle                            0x20002080   Data           2  main.o(.data)
    led_timer                                0x20002084   Data           1  main.o(.data)
    measurement_timer                        0x20002085   Data           1  main.o(.data)
    .data                                    0x20002088   Section       12  ble_bas.o(.data)
    i                                        0x20002090   Data           1  ble_bas.o(.data)
    battery_level_last                       0x20002092   Data           2  ble_bas.o(.data)
    .data                                    0x20002094   Section        4  qik_drv_mc.o(.data)
    qik_drv_error_byte                       0x20002095   Data           1  qik_drv_mc.o(.data)
    rx_buf                                   0x20002097   Data           1  qik_drv_mc.o(.data)
    .data                                    0x20002098   Section       32  ble_advertising.o(.data)
    m_advertising_start_pending              0x20002098   Data           1  ble_advertising.o(.data)
    m_peer_address                           0x20002099   Data           7  ble_advertising.o(.data)
    m_adv_evt                                0x200020a0   Data           1  ble_advertising.o(.data)
    m_evt_handler                            0x200020a4   Data           4  ble_advertising.o(.data)
    m_error_handler                          0x200020a8   Data           4  ble_advertising.o(.data)
    m_adv_mode_current                       0x200020ac   Data           1  ble_advertising.o(.data)
    m_whitelist_temporarily_disabled         0x200020ad   Data           1  ble_advertising.o(.data)
    m_whitelist_reply_expected               0x200020ae   Data           1  ble_advertising.o(.data)
    m_peer_addr_reply_expected               0x200020af   Data           1  ble_advertising.o(.data)
    m_slave_conn_int                         0x200020b0   Data           4  ble_advertising.o(.data)
    m_tx_power_level                         0x200020b4   Data           1  ble_advertising.o(.data)
    current_slave_link_conn_handle           0x200020b6   Data           2  ble_advertising.o(.data)
    .data                                    0x200020b8   Section       21  ble_conn_params.o(.data)
    m_preferred_conn_params                  0x200020b8   Data           8  ble_conn_params.o(.data)
    m_update_count                           0x200020c0   Data           1  ble_conn_params.o(.data)
    m_conn_handle                            0x200020c2   Data           2  ble_conn_params.o(.data)
    m_current_conn_params                    0x200020c4   Data           8  ble_conn_params.o(.data)
    m_change_param                           0x200020cc   Data           1  ble_conn_params.o(.data)
    .data                                    0x200020d0   Section       40  pstorage.o(.data)
    m_next_app_instance                      0x200020d0   Data           2  pstorage.o(.data)
    m_next_page_addr                         0x200020d4   Data           4  pstorage.o(.data)
    m_state                                  0x200020d8   Data           1  pstorage.o(.data)
    m_swap_sub_state                         0x200020d9   Data           1  pstorage.o(.data)
    m_head_word_size                         0x200020dc   Data           4  pstorage.o(.data)
    m_tail_word_size                         0x200020e0   Data           4  pstorage.o(.data)
    m_current_page_id                        0x200020e4   Data           4  pstorage.o(.data)
    m_num_of_command_retries                 0x200020e8   Data           4  pstorage.o(.data)
    m_num_of_bytes_written                   0x200020ec   Data           4  pstorage.o(.data)
    m_app_data_size                          0x200020f0   Data           4  pstorage.o(.data)
    m_flags                                  0x200020f4   Data           4  pstorage.o(.data)
    .data                                    0x200020f8   Section       34  app_timer.o(.data)
    m_user_array_size                        0x200020f8   Data           1  app_timer.o(.data)
    mp_users                                 0x200020fc   Data           4  app_timer.o(.data)
    mp_timer_id_head                         0x20002100   Data           4  app_timer.o(.data)
    m_ticks_latest                           0x20002104   Data           4  app_timer.o(.data)
    m_ticks_elapsed                          0x20002108   Data           8  app_timer.o(.data)
    m_ticks_elapsed_q_read_ind               0x20002110   Data           1  app_timer.o(.data)
    m_ticks_elapsed_q_write_ind              0x20002111   Data           1  app_timer.o(.data)
    m_evt_schedule_func                      0x20002114   Data           4  app_timer.o(.data)
    m_rtc1_running                           0x20002118   Data           1  app_timer.o(.data)
    m_rtc1_reset                             0x20002119   Data           1  app_timer.o(.data)
    .data                                    0x2000211c   Section        6  app_uart_fifo.o(.data)
    m_event_handler                          0x2000211c   Data           4  app_uart_fifo.o(.data)
    tx_buffer                                0x20002120   Data           1  app_uart_fifo.o(.data)
    rx_buffer                                0x20002121   Data           1  app_uart_fifo.o(.data)
    .data                                    0x20002124   Section      188  msgs.o(.data)
    .data                                    0x200021e0   Section      121  segger_rtt.o(.data)
    _SEGGER_RTT                              0x200021e0   Data         120  segger_rtt.o(.data)
    _ActiveTerminal                          0x20002258   Data           1  segger_rtt.o(.data)
    .data                                    0x2000225c   Section       24  softdevice_handler.o(.data)
    m_evt_schedule_func                      0x2000225c   Data           4  softdevice_handler.o(.data)
    m_softdevice_enabled                     0x20002260   Data           1  softdevice_handler.o(.data)
    mp_ble_evt_buffer                        0x20002264   Data           4  softdevice_handler.o(.data)
    m_ble_evt_buffer_size                    0x20002268   Data           2  softdevice_handler.o(.data)
    m_ble_evt_handler                        0x2000226c   Data           4  softdevice_handler.o(.data)
    m_sys_evt_handler                        0x20002270   Data           4  softdevice_handler.o(.data)
    .data                                    0x20002274   Section        4  system_nrf52.o(.data)
    __tagsym$$used                           0x20002274   Number         0  system_nrf52.o(.data)
    .bss                                     0x20002278   Section      700  main.o(.bss)
    m_led_timer_id_data                      0x200022c4   Data          32  main.o(.bss)
    m_battery_timer_id_data                  0x200022e4   Data          32  main.o(.bss)
    m_motor_safety_timer_id_data             0x20002304   Data          32  main.o(.bss)
    APP_TIMER_BUF                            0x20002324   Data         456  main.o(.bss)
    BLE_EVT_BUFFER                           0x200024ec   Data          72  main.o(.bss)
    .bss                                     0x20002534   Section      256  qik_drv_mc.o(.bss)
    tx_buf                                   0x20002534   Data         256  qik_drv_mc.o(.bss)
    .bss                                     0x20002634   Section      259  ble_advertising.o(.bss)
    m_advdata                                0x20002634   Data          56  ble_advertising.o(.bss)
    m_adv_modes_config                       0x2000266c   Data          36  ble_advertising.o(.bss)
    m_whitelist                              0x20002690   Data          16  ble_advertising.o(.bss)
    mp_whitelist_addr                        0x200026a0   Data          32  ble_advertising.o(.bss)
    mp_whitelist_irk                         0x200026c0   Data          32  ble_advertising.o(.bss)
    m_manuf_specific_data                    0x200026e0   Data          12  ble_advertising.o(.bss)
    m_manuf_data_array                       0x200026ec   Data          31  ble_advertising.o(.bss)
    m_service_data                           0x2000270c   Data          12  ble_advertising.o(.bss)
    m_service_data_array                     0x20002718   Data          31  ble_advertising.o(.bss)
    .bss                                     0x20002738   Section       60  ble_conn_params.o(.bss)
    m_conn_params_config                     0x20002738   Data          28  ble_conn_params.o(.bss)
    m_conn_params_timer_id_data              0x20002754   Data          32  ble_conn_params.o(.bss)
    .bss                                     0x20002774   Section       88  nrf_drv_gpiote.o(.bss)
    m_cb                                     0x20002774   Data          88  nrf_drv_gpiote.o(.bss)
    .bss                                     0x200027cc   Section       32  nrf_drv_uart.o(.bss)
    m_cb                                     0x200027cc   Data          32  nrf_drv_uart.o(.bss)
    .bss                                     0x200027ec   Section      228  pstorage.o(.bss)
    m_cmd_queue                              0x200027ec   Data         204  pstorage.o(.bss)
    m_app_table                              0x200028b8   Data          24  pstorage.o(.bss)
    .bss                                     0x200028d0   Section       44  nrf_drv_saadc.o(.bss)
    m_cb                                     0x200028d0   Data          44  nrf_drv_saadc.o(.bss)
    .bss                                     0x200028fc   Section       32  app_error.o(.bss)
    m_error_data                             0x200028fc   Data          32  app_error.o(.bss)
    .bss                                     0x2000291c   Section       88  fstorage.o(.bss)
    m_queue                                  0x2000291c   Data          88  fstorage.o(.bss)
    .bss                                     0x20002974   Section       32  app_uart_fifo.o(.bss)
    m_rx_fifo                                0x20002974   Data          16  app_uart_fifo.o(.bss)
    m_tx_fifo                                0x20002984   Data          16  app_uart_fifo.o(.bss)
    .bss                                     0x20002994   Section     1040  segger_rtt.o(.bss)
    _acUpBuffer                              0x20002994   Data        1024  segger_rtt.o(.bss)
    _acDownBuffer                            0x20002d94   Data          16  segger_rtt.o(.bss)
    .bss                                     0x20002da4   Section       12  softdevice_handler.o(.bss)
    STACK                                    0x20002db0   Section     8192  arm_startup_nrf52.o(STACK)

    Global Symbols

    Symbol Name                              Value     Ov Type        Size  Object(Section)

    BuildAttributes$$THM_ISAv4$E$P$D$K$B$S$7EM$VFPi3$EXTD16$VFPS$VFMA$PE$A:L22UL41UL21$X:L11$S22US41US21$IEEE1$IW$USESV6$~STKCKD$USESV7$~SHL$OSPACE$ROPI$EBA8$MICROLIB$REQ8$PRES8$EABIv2 0x00000000   Number         0  anon$$obj.o ABSOLUTE
    __ARM_use_no_argv                        0x00000000   Number         0  main.o ABSOLUTE
    __cpp_initialize__aeabi_                  - Undefined Weak Reference
    __cxa_finalize                            - Undefined Weak Reference
    _clock_init                               - Undefined Weak Reference
    _microlib_exit                            - Undefined Weak Reference
    fs_data$$Base                             - Undefined Reference
    fs_data$$Limit                            - Undefined Reference
    __Vectors_Size                           0x00000400   Number         0  arm_startup_nrf52.o ABSOLUTE
    __Vectors                                0x0001c000   Data           4  arm_startup_nrf52.o(RESET)
    __Vectors_End                            0x0001c400   Data           0  arm_startup_nrf52.o(RESET)
    __main                                   0x0001c401   Thumb Code     0  entry.o(.ARM.Collect$$$$00000000)
    _main_stk                                0x0001c401   Thumb Code     0  entry2.o(.ARM.Collect$$$$00000001)
    _main_scatterload                        0x0001c405   Thumb Code     0  entry5.o(.ARM.Collect$$$$00000004)
    __main_after_scatterload                 0x0001c409   Thumb Code     0  entry5.o(.ARM.Collect$$$$00000004)
    _main_clock                              0x0001c409   Thumb Code     0  entry7b.o(.ARM.Collect$$$$00000008)
    _main_cpp_init                           0x0001c409   Thumb Code     0  entry8b.o(.ARM.Collect$$$$0000000A)
    _main_init                               0x0001c409   Thumb Code     0  entry9a.o(.ARM.Collect$$$$0000000B)
    __rt_final_cpp                           0x0001c411   Thumb Code     0  entry10a.o(.ARM.Collect$$$$0000000D)
    __rt_final_exit                          0x0001c411   Thumb Code     0  entry11a.o(.ARM.Collect$$$$0000000F)
    __asm___11_nrf_delay_c_532987f3__nrf_delay_us 0x0001c415   Thumb Code   118  nrf_delay.o(.emb_text)
    __asm___11_app_timer_c_cd27f9c3__nrf_delay_us 0x0001c48d   Thumb Code   118  app_timer.o(.emb_text)
    Reset_Handler                            0x0001c505   Thumb Code     8  arm_startup_nrf52.o(.text)
    NMI_Handler                              0x0001c50d   Thumb Code     2  arm_startup_nrf52.o(.text)
    HardFault_Handler                        0x0001c50f   Thumb Code     2  arm_startup_nrf52.o(.text)
    MemoryManagement_Handler                 0x0001c511   Thumb Code     2  arm_startup_nrf52.o(.text)
    BusFault_Handler                         0x0001c513   Thumb Code     2  arm_startup_nrf52.o(.text)
    UsageFault_Handler                       0x0001c515   Thumb Code     2  arm_startup_nrf52.o(.text)
    SVC_Handler                              0x0001c517   Thumb Code     2  arm_startup_nrf52.o(.text)
    DebugMonitor_Handler                     0x0001c519   Thumb Code     2  arm_startup_nrf52.o(.text)
    PendSV_Handler                           0x0001c51b   Thumb Code     2  arm_startup_nrf52.o(.text)
    SysTick_Handler                          0x0001c51d   Thumb Code     2  arm_startup_nrf52.o(.text)
    CCM_AAR_IRQHandler                       0x0001c51f   Thumb Code     0  arm_startup_nrf52.o(.text)
    COMP_LPCOMP_IRQHandler                   0x0001c51f   Thumb Code     0  arm_startup_nrf52.o(.text)
    ECB_IRQHandler                           0x0001c51f   Thumb Code     0  arm_startup_nrf52.o(.text)
    FPU_IRQHandler                           0x0001c51f   Thumb Code     0  arm_startup_nrf52.o(.text)
    I2S_IRQHandler                           0x0001c51f   Thumb Code     0  arm_startup_nrf52.o(.text)
    MWU_IRQHandler                           0x0001c51f   Thumb Code     0  arm_startup_nrf52.o(.text)
    NFCT_IRQHandler                          0x0001c51f   Thumb Code     0  arm_startup_nrf52.o(.text)
    PDM_IRQHandler                           0x0001c51f   Thumb Code     0  arm_startup_nrf52.o(.text)
    POWER_CLOCK_IRQHandler                   0x0001c51f   Thumb Code     0  arm_startup_nrf52.o(.text)
    PWM0_IRQHandler                          0x0001c51f   Thumb Code     0  arm_startup_nrf52.o(.text)
    PWM1_IRQHandler                          0x0001c51f   Thumb Code     0  arm_startup_nrf52.o(.text)
    PWM2_IRQHandler                          0x0001c51f   Thumb Code     0  arm_startup_nrf52.o(.text)
    QDEC_IRQHandler                          0x0001c51f   Thumb Code     0  arm_startup_nrf52.o(.text)
    RADIO_IRQHandler                         0x0001c51f   Thumb Code     0  arm_startup_nrf52.o(.text)
    RNG_IRQHandler                           0x0001c51f   Thumb Code     0  arm_startup_nrf52.o(.text)
    RTC0_IRQHandler                          0x0001c51f   Thumb Code     0  arm_startup_nrf52.o(.text)
    RTC2_IRQHandler                          0x0001c51f   Thumb Code     0  arm_startup_nrf52.o(.text)
    SPIM0_SPIS0_TWIM0_TWIS0_SPI0_TWI0_IRQHandler 0x0001c51f   Thumb Code     0  arm_startup_nrf52.o(.text)
    SPIM1_SPIS1_TWIM1_TWIS1_SPI1_TWI1_IRQHandler 0x0001c51f   Thumb Code     0  arm_startup_nrf52.o(.text)
    SPIM2_SPIS2_SPI2_IRQHandler              0x0001c51f   Thumb Code     0  arm_startup_nrf52.o(.text)
    SWI1_EGU1_IRQHandler                     0x0001c51f   Thumb Code     0  arm_startup_nrf52.o(.text)
    SWI3_EGU3_IRQHandler                     0x0001c51f   Thumb Code     0  arm_startup_nrf52.o(.text)
    SWI4_EGU4_IRQHandler                     0x0001c51f   Thumb Code     0  arm_startup_nrf52.o(.text)
    SWI5_EGU5_IRQHandler                     0x0001c51f   Thumb Code     0  arm_startup_nrf52.o(.text)
    TEMP_IRQHandler                          0x0001c51f   Thumb Code     0  arm_startup_nrf52.o(.text)
    TIMER0_IRQHandler                        0x0001c51f   Thumb Code     0  arm_startup_nrf52.o(.text)
    TIMER1_IRQHandler                        0x0001c51f   Thumb Code     0  arm_startup_nrf52.o(.text)
    TIMER2_IRQHandler                        0x0001c51f   Thumb Code     0  arm_startup_nrf52.o(.text)
    TIMER3_IRQHandler                        0x0001c51f   Thumb Code     0  arm_startup_nrf52.o(.text)
    TIMER4_IRQHandler                        0x0001c51f   Thumb Code     0  arm_startup_nrf52.o(.text)
    WDT_IRQHandler                           0x0001c51f   Thumb Code     0  arm_startup_nrf52.o(.text)
    __aeabi_memcpy                           0x0001c529   Thumb Code    36  memcpya.o(.text)
    __aeabi_memcpy4                          0x0001c529   Thumb Code     0  memcpya.o(.text)
    __aeabi_memcpy8                          0x0001c529   Thumb Code     0  memcpya.o(.text)
    __aeabi_memset                           0x0001c54d   Thumb Code    14  memseta.o(.text)
    __aeabi_memset4                          0x0001c54d   Thumb Code     0  memseta.o(.text)
    __aeabi_memset8                          0x0001c54d   Thumb Code     0  memseta.o(.text)
    __aeabi_memclr                           0x0001c55b   Thumb Code     4  memseta.o(.text)
    __aeabi_memclr4                          0x0001c55b   Thumb Code     0  memseta.o(.text)
    __aeabi_memclr8                          0x0001c55b   Thumb Code     0  memseta.o(.text)
    _memset$wrapper                          0x0001c55f   Thumb Code    18  memseta.o(.text)
    __aeabi_dmul                             0x0001c571   Thumb Code   228  dmul.o(.text)
    __aeabi_ui2d                             0x0001c655   Thumb Code    26  dfltui.o(.text)
    __aeabi_d2uiz                            0x0001c66f   Thumb Code    50  dfixui.o(.text)
    __aeabi_llsr                             0x0001c6a1   Thumb Code    32  llushr.o(.text)
    _ll_ushift_r                             0x0001c6a1   Thumb Code     0  llushr.o(.text)
    __I$use$fp                               0x0001c6c1   Thumb Code     0  iusefp.o(.text)
    _double_round                            0x0001c6c1   Thumb Code    30  depilogue.o(.text)
    _double_epilogue                         0x0001c6df   Thumb Code   156  depilogue.o(.text)
    __scatterload                            0x0001c77d   Thumb Code    28  init.o(.text)
    __scatterload_rt2                        0x0001c77d   Thumb Code     0  init.o(.text)
    __aeabi_llsl                             0x0001c7a1   Thumb Code    30  llshl.o(.text)
    _ll_shift_l                              0x0001c7a1   Thumb Code     0  llshl.o(.text)
    __decompress                             0x0001c7bf   Thumb Code     0  __dczerorl2.o(.text)
    __decompress1                            0x0001c7bf   Thumb Code    86  __dczerorl2.o(.text)
    GPIOTE_IRQHandler                        0x0001c815   Thumb Code   420  nrf_drv_gpiote.o(i.GPIOTE_IRQHandler)
    RTC1_IRQHandler                          0x0001ca3d   Thumb Code    44  app_timer.o(i.RTC1_IRQHandler)
    SAADC_IRQHandler                         0x0001ca71   Thumb Code   208  nrf_drv_saadc.o(i.SAADC_IRQHandler)
    SEGGER_RTT_Write                         0x0001cb49   Thumb Code   364  segger_rtt.o(i.SEGGER_RTT_Write)
    SEGGER_RTT_WriteString                   0x0001ccb9   Thumb Code    26  segger_rtt.o(i.SEGGER_RTT_WriteString)
    SEGGER_RTT_printf                        0x0001ccd3   Thumb Code    26  segger_rtt_printf.o(i.SEGGER_RTT_printf)
    SEGGER_RTT_vprintf                       0x0001cced   Thumb Code   504  segger_rtt_printf.o(i.SEGGER_RTT_vprintf)
    SWI0_EGU0_IRQHandler                     0x0001cee5   Thumb Code     8  app_timer.o(i.SWI0_EGU0_IRQHandler)
    SWI2_EGU2_IRQHandler                     0x0001ceed   Thumb Code    48  softdevice_handler.o(i.SWI2_EGU2_IRQHandler)
    SystemCoreClockUpdate                    0x0001cf25   Thumb Code     8  system_nrf52.o(i.SystemCoreClockUpdate)
    SystemInit                               0x0001cf35   Thumb Code   512  system_nrf52.o(i.SystemInit)
    UARTE0_UART0_IRQHandler                  0x0001d169   Thumb Code    20  nrf_drv_uart.o(i.UARTE0_UART0_IRQHandler)
    __scatterload_copy                       0x0001d3a5   Thumb Code    14  handlers.o(i.__scatterload_copy)
    __scatterload_null                       0x0001d3b3   Thumb Code     2  handlers.o(i.__scatterload_null)
    __scatterload_zeroinit                   0x0001d3b5   Thumb Code    14  handlers.o(i.__scatterload_zeroinit)
    adv_data_encode                          0x0001d3e1   Thumb Code   454  ble_advdata.o(i.adv_data_encode)
    app_error_fault_handler                  0x0001d629   Thumb Code    38  app_error_weak.o(i.app_error_fault_handler)
    app_error_handler                        0x0001d655   Thumb Code    32  app_error.o(i.app_error_handler)
    app_error_save_and_stop                  0x0001d675   Thumb Code   132  app_error.o(i.app_error_save_and_stop)
    app_fifo_get                             0x0001d6fd   Thumb Code    30  app_fifo.o(i.app_fifo_get)
    app_fifo_init                            0x0001d71b   Thumb Code    36  app_fifo.o(i.app_fifo_init)
    app_fifo_put                             0x0001d73f   Thumb Code    34  app_fifo.o(i.app_fifo_put)
    app_timer_create                         0x0001d7b9   Thumb Code    56  app_timer.o(i.app_timer_create)
    app_timer_init                           0x0001d7f5   Thumb Code   154  app_timer.o(i.app_timer_init)
    app_timer_start                          0x0001d8ad   Thumb Code    84  app_timer.o(i.app_timer_start)
    app_timer_stop                           0x0001d905   Thumb Code    48  app_timer.o(i.app_timer_stop)
    app_uart_get                             0x0001d939   Thumb Code    46  app_uart_fifo.o(i.app_uart_get)
    app_uart_init                            0x0001d971   Thumb Code   178  app_uart_fifo.o(i.app_uart_init)
    app_uart_put                             0x0001da3d   Thumb Code    46  app_uart_fifo.o(i.app_uart_put)
    ble_advdata_set                          0x0001dd7d   Thumb Code   148  ble_advdata.o(i.ble_advdata_set)
    ble_advertising_init                     0x0001de11   Thumb Code   324  ble_advertising.o(i.ble_advertising_init)
    ble_advertising_on_ble_evt               0x0001df8d   Thumb Code   224  ble_advertising.o(i.ble_advertising_on_ble_evt)
    ble_advertising_on_sys_evt               0x0001e085   Thumb Code    64  ble_advertising.o(i.ble_advertising_on_sys_evt)
    ble_advertising_start                    0x0001e0e1   Thumb Code   604  ble_advertising.o(i.ble_advertising_start)
    ble_bas_battery_level_update             0x0001e369   Thumb Code   136  ble_bas.o(i.ble_bas_battery_level_update)
    ble_bas_init                             0x0001e421   Thumb Code    56  ble_bas.o(i.ble_bas_init)
    ble_bas_on_ble_evt                       0x0001e459   Thumb Code    50  ble_bas.o(i.ble_bas_on_ble_evt)
    ble_bas_trigger_battery_level_update     0x0001e48d   Thumb Code   100  ble_bas.o(i.ble_bas_trigger_battery_level_update)
    ble_brobot_error_service_init            0x0001e521   Thumb Code   100  ble_brobot_error.o(i.ble_brobot_error_service_init)
    ble_conn_params_init                     0x0001e5a5   Thumb Code    84  ble_conn_params.o(i.ble_conn_params_init)
    ble_conn_params_on_ble_evt               0x0001e615   Thumb Code    62  ble_conn_params.o(i.ble_conn_params_on_ble_evt)
    ble_qik_cfg_config_update                0x0001e70d   Thumb Code   114  ble_qik_cfg.o(i.ble_qik_cfg_config_update)
    ble_qik_cfg_on_ble_evt                   0x0001e7ad   Thumb Code    94  ble_qik_cfg.o(i.ble_qik_cfg_on_ble_evt)
    ble_qik_cfg_service_init                 0x0001e81d   Thumb Code   106  ble_qik_cfg.o(i.ble_qik_cfg_service_init)
    ble_qik_motor_on_ble_evt                 0x0001e8a5   Thumb Code    72  ble_qik_motor.o(i.ble_qik_motor_on_ble_evt)
    ble_qik_motor_service_init               0x0001e8ed   Thumb Code   106  ble_qik_motor.o(i.ble_qik_motor_service_init)
    fs_queued_op_count_get                   0x0001f729   Thumb Code    18  fstorage.o(i.fs_queued_op_count_get)
    intern_softdevice_events_execute         0x0001fa95   Thumb Code   150  softdevice_handler.o(i.intern_softdevice_events_execute)
    main                                     0x0001fe21   Thumb Code   120  main.o(i.main)
    nrf_delay_ms                             0x00020147   Thumb Code    26  nrf_delay.o(i.nrf_delay_ms)
    nrf_drv_common_irq_enable                0x00020161   Thumb Code    84  nrf_drv_common.o(i.nrf_drv_common_irq_enable)
    nrf_drv_gpiote_in_event_enable           0x000201c1   Thumb Code   170  nrf_drv_gpiote.o(i.nrf_drv_gpiote_in_event_enable)
    nrf_drv_gpiote_in_init                   0x00020279   Thumb Code   198  nrf_drv_gpiote.o(i.nrf_drv_gpiote_in_init)
    nrf_drv_gpiote_init                      0x00020351   Thumb Code    78  nrf_drv_gpiote.o(i.nrf_drv_gpiote_init)
    nrf_drv_saadc_buffer_convert             0x000203a5   Thumb Code   134  nrf_drv_saadc.o(i.nrf_drv_saadc_buffer_convert)
    nrf_drv_saadc_channel_init               0x00020431   Thumb Code    84  nrf_drv_saadc.o(i.nrf_drv_saadc_channel_init)
    nrf_drv_saadc_init                       0x00020489   Thumb Code   114  nrf_drv_saadc.o(i.nrf_drv_saadc_init)
    nrf_drv_saadc_sample                     0x00020509   Thumb Code    26  nrf_drv_saadc.o(i.nrf_drv_saadc_sample)
    nrf_drv_uart_init                        0x00020529   Thumb Code   202  nrf_drv_uart.o(i.nrf_drv_uart_init)
    nrf_drv_uart_rx                          0x0002060d   Thumb Code   168  nrf_drv_uart.o(i.nrf_drv_uart_rx)
    nrf_drv_uart_rx_enable                   0x000206bd   Thumb Code    26  nrf_drv_uart.o(i.nrf_drv_uart_rx_enable)
    nrf_drv_uart_tx                          0x00020845   Thumb Code    66  nrf_drv_uart.o(i.nrf_drv_uart_tx)
    nrf_drv_uart_tx_in_progress              0x00020989   Thumb Code    14  nrf_drv_uart.o(i.nrf_drv_uart_tx_in_progress)
    nrf_saadc_channel_init                   0x00020ad9   Thumb Code    98  nrf_saadc.o(i.nrf_saadc_channel_init)
    print_evt                                0x00020e55   Thumb Code   138  msgs.o(i.print_evt)
    pstorage_access_status_get               0x00020f69   Thumb Code    36  pstorage.o(i.pstorage_access_status_get)
    pstorage_sys_event_handler               0x00020fbd   Thumb Code    62  pstorage.o(i.pstorage_sys_event_handler)
    qik_drv_get_all_config_parameters        0x000210e1   Thumb Code    80  qik_drv_mc.o(i.qik_drv_get_all_config_parameters)
    qik_drv_get_error                        0x00021199   Thumb Code    14  qik_drv_mc.o(i.qik_drv_get_error)
    qik_drv_get_firmware_version             0x000211a7   Thumb Code    14  qik_drv_mc.o(i.qik_drv_get_firmware_version)
    qik_drv_get_parameter                    0x000211b5   Thumb Code   124  qik_drv_mc.o(i.qik_drv_get_parameter)
    qik_drv_print_config_parameters          0x000212cd   Thumb Code    68  qik_drv_mc.o(i.qik_drv_print_config_parameters)
    qik_drv_set_motor_speed                  0x0002137d   Thumb Code   276  qik_drv_mc.o(i.qik_drv_set_motor_speed)
    qik_drv_set_parameter                    0x000214bd   Thumb Code   288  qik_drv_mc.o(i.qik_drv_set_parameter)
    qik_drv_setup                            0x0002160d   Thumb Code   374  qik_drv_mc.o(i.qik_drv_setup)
    qik_drv_update_config_parameters         0x00021841   Thumb Code   156  qik_drv_mc.o(i.qik_drv_update_config_parameters)
    saadc_handler                            0x00021a89   Thumb Code    80  ble_bas.o(i.saadc_handler)
    sd_check_ram_start                       0x00021ba9   Thumb Code    22  softdevice_handler.o(i.sd_check_ram_start)
    softdevice_ble_evt_handler_set           0x00021dd9   Thumb Code    20  softdevice_handler.o(i.softdevice_ble_evt_handler_set)
    softdevice_enable                        0x00021df1   Thumb Code    24  softdevice_handler.o(i.softdevice_enable)
    softdevice_enable_get_default_config     0x00021e0d   Thumb Code    44  softdevice_handler.o(i.softdevice_enable_get_default_config)
    softdevice_fault_handler                 0x00021e39   Thumb Code    20  softdevice_handler.o(i.softdevice_fault_handler)
    softdevice_handler_init                  0x00021e4d   Thumb Code    80  softdevice_handler.o(i.softdevice_handler_init)
    softdevice_sys_evt_handler_set           0x00021eb1   Thumb Code    20  softdevice_handler.o(i.softdevice_sys_evt_handler_set)
    timer_battery_handler                    0x000223f1   Thumb Code    12  main.o(i.timer_battery_handler)
    timer_led_handler                        0x00022401   Thumb Code   104  main.o(i.timer_led_handler)
    timer_motor_safety_handler               0x000225ad   Thumb Code    22  main.o(i.timer_motor_safety_handler)
    Region$$Table$$Base                      0x000237d4   Number         0  anon$$obj.o(Region$$Table)
    Region$$Table$$Limit                     0x000237f4   Number         0  anon$$obj.o(Region$$Table)
    Image$$RW_IRAM1$$Base                    0x20002080   Number         0  anon$$obj.o ABSOLUTE
    do_motor_measurements                    0x20002082   Data           1  main.o(.data)
    turn_off_motors                          0x20002083   Data           1  main.o(.data)
    battery_level                            0x20002088   Data           2  ble_bas.o(.data)
    battery_level_average                    0x2000208a   Data           2  ble_bas.o(.data)
    m_ble_bas                                0x2000208c   Data           4  ble_bas.o(.data)
    waiting_for_byte                         0x20002094   Data           1  qik_drv_mc.o(.data)
    qik_drv_error                            0x20002096   Data           1  qik_drv_mc.o(.data)
    msgs_adv_events                          0x20002124   Data           4  msgs.o(.data)
    msgs_gap_events                          0x20002128   Data          60  msgs.o(.data)
    msgs_gatts_events                        0x20002164   Data          24  msgs.o(.data)
    msgs_gattc_events                        0x2000217c   Data           4  msgs.o(.data)
    msgs_common_events                       0x20002180   Data           4  msgs.o(.data)
    msgs_errors                              0x20002184   Data          72  msgs.o(.data)
    msgs_disconnect_reasons                  0x200021cc   Data          20  msgs.o(.data)
    SystemCoreClock                          0x20002274   Data           4  system_nrf52.o(.data)
    m_bas                                    0x20002278   Data          14  main.o(.bss)
    m_brobot_error                           0x20002286   Data          12  main.o(.bss)
    m_qik_motor_control                      0x20002292   Data          18  main.o(.bss)
    m_ble_qik_cfg                            0x200022a4   Data          12  main.o(.bss)
    m_ble_qik_motor                          0x200022b0   Data          20  main.o(.bss)
    nrf_nvic_state                           0x20002da4   Data          12  softdevice_handler.o(.bss)
    __initial_sp                             0x20004db0   Data           0  arm_startup_nrf52.o(STACK)



==============================================================================

Memory Map of the image

  Image Entry point : 0x0001c401

  Load Region LR_IROM1 (Base: 0x0001c000, Size: 0x000079ec, Max: 0x00064000, ABSOLUTE, COMPRESSED[0x000078bc])

    Execution Region ER_IROM1 (Base: 0x0001c000, Size: 0x000077f4, Max: 0x00064000, ABSOLUTE)

    Base Addr    Size         Type   Attr      Idx    E Section Name        Object

    0x0001c000   0x00000400   Data   RO         3258    RESET               arm_startup_nrf52.o
    0x0001c400   0x00000000   Code   RO         3338  * .ARM.Collect$$$$00000000  mc_w.l(entry.o)
    0x0001c400   0x00000004   Code   RO         3355    .ARM.Collect$$$$00000001  mc_w.l(entry2.o)
    0x0001c404   0x00000004   Code   RO         3358    .ARM.Collect$$$$00000004  mc_w.l(entry5.o)
    0x0001c408   0x00000000   Code   RO         3360    .ARM.Collect$$$$00000008  mc_w.l(entry7b.o)
    0x0001c408   0x00000000   Code   RO         3362    .ARM.Collect$$$$0000000A  mc_w.l(entry8b.o)
    0x0001c408   0x00000008   Code   RO         3363    .ARM.Collect$$$$0000000B  mc_w.l(entry9a.o)
    0x0001c410   0x00000000   Code   RO         3365    .ARM.Collect$$$$0000000D  mc_w.l(entry10a.o)
    0x0001c410   0x00000000   Code   RO         3367    .ARM.Collect$$$$0000000F  mc_w.l(entry11a.o)
    0x0001c410   0x00000004   Code   RO         3356    .ARM.Collect$$$$00002712  mc_w.l(entry2.o)
    0x0001c414   0x00000076   Code   RO         1228    .emb_text           nrf_delay.o
    0x0001c48a   0x00000002   PAD
    0x0001c48c   0x00000076   Code   RO         2357    .emb_text           app_timer.o
    0x0001c502   0x00000002   PAD
    0x0001c504   0x00000024   Code   RO         3259    .text               arm_startup_nrf52.o
    0x0001c528   0x00000024   Code   RO         3341    .text               mc_w.l(memcpya.o)
    0x0001c54c   0x00000024   Code   RO         3343    .text               mc_w.l(memseta.o)
    0x0001c570   0x000000e4   Code   RO         3349    .text               mf_w.l(dmul.o)
    0x0001c654   0x0000001a   Code   RO         3351    .text               mf_w.l(dfltui.o)
    0x0001c66e   0x00000032   Code   RO         3353    .text               mf_w.l(dfixui.o)
    0x0001c6a0   0x00000020   Code   RO         3369    .text               mc_w.l(llushr.o)
    0x0001c6c0   0x00000000   Code   RO         3371    .text               mc_w.l(iusefp.o)
    0x0001c6c0   0x000000ba   Code   RO         3372    .text               mf_w.l(depilogue.o)
    0x0001c77a   0x00000002   PAD
    0x0001c77c   0x00000024   Code   RO         3374    .text               mc_w.l(init.o)
    0x0001c7a0   0x0000001e   Code   RO         3376    .text               mc_w.l(llshl.o)
    0x0001c7be   0x00000056   Code   RO         3386    .text               mc_w.l(__dczerorl2.o)
    0x0001c814   0x000001b8   Code   RO         1298    i.GPIOTE_IRQHandler  nrf_drv_gpiote.o
    0x0001c9cc   0x00000018   Code   RO         2358    i.NVIC_ClearPendingIRQ  app_timer.o
    0x0001c9e4   0x00000016   Code   RO         2359    i.NVIC_EnableIRQ    app_timer.o
    0x0001c9fa   0x00000002   PAD
    0x0001c9fc   0x00000018   Code   RO         2360    i.NVIC_SetPendingIRQ  app_timer.o
    0x0001ca14   0x00000028   Code   RO         2361    i.NVIC_SetPriority  app_timer.o
    0x0001ca3c   0x00000034   Code   RO         2362    i.RTC1_IRQHandler   app_timer.o
    0x0001ca70   0x000000d8   Code   RO         2157    i.SAADC_IRQHandler  nrf_drv_saadc.o
    0x0001cb48   0x00000170   Code   RO         3028    i.SEGGER_RTT_Write  segger_rtt.o
    0x0001ccb8   0x0000001a   Code   RO         3029    i.SEGGER_RTT_WriteString  segger_rtt.o
    0x0001ccd2   0x0000001a   Code   RO         3108    i.SEGGER_RTT_printf  segger_rtt_printf.o
    0x0001ccec   0x000001f8   Code   RO         3109    i.SEGGER_RTT_vprintf  segger_rtt_printf.o
    0x0001cee4   0x00000008   Code   RO         2363    i.SWI0_EGU0_IRQHandler  app_timer.o
    0x0001ceec   0x00000038   Code   RO         3148    i.SWI2_EGU2_IRQHandler  softdevice_handler.o
    0x0001cf24   0x00000010   Code   RO         3266    i.SystemCoreClockUpdate  system_nrf52.o
    0x0001cf34   0x00000234   Code   RO         3267    i.SystemInit        system_nrf52.o
    0x0001d168   0x00000018   Code   RO         1537    i.UARTE0_UART0_IRQHandler  nrf_drv_uart.o
    0x0001d180   0x00000002   Code   RO         3030    i._Init             segger_rtt.o
    0x0001d182   0x000000ea   Code   RO         3110    i._PrintInt         segger_rtt_printf.o
    0x0001d26c   0x000000f4   Code   RO         3111    i._PrintUnsigned    segger_rtt_printf.o
    0x0001d360   0x00000044   Code   RO         3112    i._StoreChar        segger_rtt_printf.o
    0x0001d3a4   0x0000000e   Code   RO         3380    i.__scatterload_copy  mc_w.l(handlers.o)
    0x0001d3b2   0x00000002   Code   RO         3381    i.__scatterload_null  mc_w.l(handlers.o)
    0x0001d3b4   0x0000000e   Code   RO         3382    i.__scatterload_zeroinit  mc_w.l(handlers.o)
    0x0001d3c2   0x0000001e   Code   RO         3031    i._strlen           segger_rtt.o
    0x0001d3e0   0x000001c6   Code   RO          854    i.adv_data_encode   ble_advdata.o
    0x0001d5a6   0x00000012   Code   RO          855    i.advdata_check     ble_advdata.o
    0x0001d5b8   0x00000070   Code   RO            5    i.advertising_init  main.o
    0x0001d628   0x0000002c   Code   RO         2977    i.app_error_fault_handler  app_error_weak.o
    0x0001d654   0x00000020   Code   RO         2317    i.app_error_handler  app_error.o
    0x0001d674   0x00000088   Code   RO         2319    i.app_error_save_and_stop  app_error.o
    0x0001d6fc   0x0000001e   Code   RO         2898    i.app_fifo_get      app_fifo.o
    0x0001d71a   0x00000024   Code   RO         2899    i.app_fifo_init     app_fifo.o
    0x0001d73e   0x00000022   Code   RO         2901    i.app_fifo_put      app_fifo.o
    0x0001d760   0x00000030   Code   RO         1823    i.app_notify        pstorage.o
    0x0001d790   0x00000028   Code   RO         1824    i.app_notify_error_state_transit  pstorage.o
    0x0001d7b8   0x0000003c   Code   RO         2366    i.app_timer_create  app_timer.o
    0x0001d7f4   0x000000b8   Code   RO         2367    i.app_timer_init    app_timer.o
    0x0001d8ac   0x00000058   Code   RO         2368    i.app_timer_start   app_timer.o
    0x0001d904   0x00000034   Code   RO         2369    i.app_timer_stop    app_timer.o
    0x0001d938   0x00000038   Code   RO         2822    i.app_uart_get      app_uart_fifo.o
    0x0001d970   0x000000cc   Code   RO         2823    i.app_uart_init     app_uart_fifo.o
    0x0001da3c   0x00000038   Code   RO         2824    i.app_uart_put      app_uart_fifo.o
    0x0001da74   0x00000052   Code   RO          856    i.appearance_encode  ble_advdata.o
    0x0001dac6   0x00000002   PAD
    0x0001dac8   0x00000098   Code   RO            6    i.application_timers_start  main.o
    0x0001db60   0x000000bc   Code   RO         1538    i.apply_config      nrf_drv_uart.o
    0x0001dc1c   0x00000160   Code   RO          365    i.battery_level_char_add  ble_bas.o
    0x0001dd7c   0x00000094   Code   RO          857    i.ble_advdata_set   ble_advdata.o
    0x0001de10   0x0000017c   Code   RO          982    i.ble_advertising_init  ble_advertising.o
    0x0001df8c   0x000000f8   Code   RO          983    i.ble_advertising_on_ble_evt  ble_advertising.o
    0x0001e084   0x0000004c   Code   RO          984    i.ble_advertising_on_sys_evt  ble_advertising.o
    0x0001e0d0   0x00000010   Code   RO          986    i.ble_advertising_peer_address_clear  ble_advertising.o
    0x0001e0e0   0x00000288   Code   RO          988    i.ble_advertising_start  ble_advertising.o
    0x0001e368   0x000000b8   Code   RO          366    i.ble_bas_battery_level_update  ble_bas.o
    0x0001e420   0x00000038   Code   RO          367    i.ble_bas_init      ble_bas.o
    0x0001e458   0x00000032   Code   RO          368    i.ble_bas_on_ble_evt  ble_bas.o
    0x0001e48a   0x00000002   PAD
    0x0001e48c   0x00000094   Code   RO          369    i.ble_bas_trigger_battery_level_update  ble_bas.o
    0x0001e520   0x00000084   Code   RO          505    i.ble_brobot_error_service_init  ble_brobot_error.o
    0x0001e5a4   0x00000070   Code   RO         1084    i.ble_conn_params_init  ble_conn_params.o
    0x0001e614   0x0000003e   Code   RO         1085    i.ble_conn_params_on_ble_evt  ble_conn_params.o
    0x0001e652   0x00000074   Code   RO          858    i.ble_device_addr_encode  ble_advdata.o
    0x0001e6c6   0x00000002   PAD
    0x0001e6c8   0x00000044   Code   RO            8    i.ble_evt_dispatch  main.o
    0x0001e70c   0x000000a0   Code   RO          556    i.ble_qik_cfg_config_update  ble_qik_cfg.o
    0x0001e7ac   0x00000070   Code   RO          557    i.ble_qik_cfg_on_ble_evt  ble_qik_cfg.o
    0x0001e81c   0x00000088   Code   RO          558    i.ble_qik_cfg_service_init  ble_qik_cfg.o
    0x0001e8a4   0x00000048   Code   RO          607    i.ble_qik_motor_on_ble_evt  ble_qik_motor.o
    0x0001e8ec   0x0000008c   Code   RO          608    i.ble_qik_motor_service_init  ble_qik_motor.o
    0x0001e978   0x00000108   Code   RO            9    i.ble_stack_init    main.o
    0x0001ea80   0x00000020   Code   RO         1299    i.channel_free      nrf_drv_gpiote.o
    0x0001eaa0   0x00000010   Code   RO         1300    i.channel_handler_get  nrf_drv_gpiote.o
    0x0001eab0   0x00000080   Code   RO         1301    i.channel_port_alloc  nrf_drv_gpiote.o
    0x0001eb30   0x0000000c   Code   RO         1302    i.channel_port_get  nrf_drv_gpiote.o
    0x0001eb3c   0x00000114   Code   RO          506    i.char_brobot_error_add  ble_brobot_error.o
    0x0001ec50   0x00000104   Code   RO         1825    i.clear_operation_execute  pstorage.o
    0x0001ed54   0x00000028   Code   RO         1826    i.clear_post_processing_run  pstorage.o
    0x0001ed7c   0x00000048   Code   RO         1827    i.cmd_process       pstorage.o
    0x0001edc4   0x00000014   Code   RO         1828    i.cmd_queue_dequeue  pstorage.o
    0x0001edd8   0x00000050   Code   RO         1829    i.cmd_queue_element_init  pstorage.o
    0x0001ee28   0x00000028   Code   RO         1832    i.command_end_procedure_run  pstorage.o
    0x0001ee50   0x0000002c   Code   RO         1833    i.command_queue_element_consume  pstorage.o
    0x0001ee7c   0x00000090   Code   RO         2371    i.compare_reg_update  app_timer.o
    0x0001ef0c   0x00000170   Code   RO          559    i.config_char_add   ble_qik_cfg.o
    0x0001f07c   0x0000005a   Code   RO          859    i.conn_int_check    ble_advdata.o
    0x0001f0d6   0x00000068   Code   RO          860    i.conn_int_encode   ble_advdata.o
    0x0001f13e   0x00000002   PAD
    0x0001f140   0x00000028   Code   RO           10    i.conn_params_error_handler  main.o
    0x0001f168   0x00000070   Code   RO           11    i.conn_params_init  main.o
    0x0001f1d8   0x00000084   Code   RO         1087    i.conn_params_negotiation  ble_conn_params.o
    0x0001f25c   0x0000007c   Code   RO         1834    i.data_page_erase_state_run  pstorage.o
    0x0001f2d8   0x00000034   Code   RO         1835    i.data_to_swap_write_state_run  pstorage.o
    0x0001f30c   0x00000064   Code   RO         2372    i.elapsed_ticks_acquire  app_timer.o
    0x0001f370   0x00000040   Code   RO         1836    i.erase_sub_state_sm_run  pstorage.o
    0x0001f3b0   0x00000030   Code   RO         3268    i.errata_16         system_nrf52.o
    0x0001f3e0   0x00000054   Code   RO         3269    i.errata_31         system_nrf52.o
    0x0001f434   0x00000030   Code   RO         3270    i.errata_32         system_nrf52.o
    0x0001f464   0x00000054   Code   RO         3271    i.errata_36         system_nrf52.o
    0x0001f4b8   0x00000030   Code   RO         3272    i.errata_37         system_nrf52.o
    0x0001f4e8   0x00000030   Code   RO         3273    i.errata_57         system_nrf52.o
    0x0001f518   0x00000030   Code   RO         3274    i.errata_66         system_nrf52.o
    0x0001f548   0x00000058   Code   RO         2373    i.expired_timers_handler  app_timer.o
    0x0001f5a0   0x00000018   Code   RO         2904    i.fifo_get          app_fifo.o
    0x0001f5b8   0x0000000a   Code   RO         2825    i.fifo_length       app_uart_fifo.o
    0x0001f5c2   0x0000000a   Code   RO         2905    i.fifo_length       app_fifo.o
    0x0001f5cc   0x00000012   Code   RO         2906    i.fifo_peek         app_fifo.o
    0x0001f5de   0x00000012   Code   RO         2907    i.fifo_put          app_fifo.o
    0x0001f5f0   0x00000036   Code   RO          861    i.flags_encode      ble_advdata.o
    0x0001f626   0x00000036   Code   RO          990    i.flash_access_in_progress  ble_advertising.o
    0x0001f65c   0x0000002c   Code   RO         1837    i.flash_api_err_code_process  pstorage.o
    0x0001f688   0x00000044   Code   RO         1838    i.flash_operation_failure_run  pstorage.o
    0x0001f6cc   0x00000030   Code   RO         1839    i.flash_operation_success_run  pstorage.o
    0x0001f6fc   0x00000010   Code   RO         1840    i.flash_page_erase  pstorage.o
    0x0001f70c   0x0000001c   Code   RO         1841    i.flash_write       pstorage.o
    0x0001f728   0x00000018   Code   RO         2657    i.fs_queued_op_count_get  fstorage.o
    0x0001f740   0x00000154   Code   RO         2998    i.gap_event_decode  msgs.o
    0x0001f894   0x00000094   Code   RO           12    i.gap_params_init   main.o
    0x0001f928   0x0000005c   Code   RO           13    i.gpio_init         main.o
    0x0001f984   0x00000068   Code   RO         1842    i.head_restore_state_run  pstorage.o
    0x0001f9ec   0x000000a8   Code   RO          711    i.in_pin_handler    qik_drv_mc.o
    0x0001fa94   0x000000b0   Code   RO         3149    i.intern_softdevice_events_execute  softdevice_handler.o
    0x0001fb44   0x00000024   Code   RO         1088    i.is_conn_params_ok  ble_conn_params.o
    0x0001fb68   0x00000058   Code   RO         1843    i.is_page_erase_required  pstorage.o
    0x0001fbc0   0x00000050   Code   RO         1844    i.is_tail_data_page_swap_required  pstorage.o
    0x0001fc10   0x0000006a   Code   RO          862    i.le_role_encode    ble_advdata.o
    0x0001fc7a   0x00000002   PAD
    0x0001fc7c   0x00000098   Code   RO         2374    i.list_deletions_handler  app_timer.o
    0x0001fd14   0x0000010c   Code   RO         2375    i.list_insertions_handler  app_timer.o
    0x0001fe20   0x000000c4   Code   RO           14    i.main              main.o
    0x0001fee4   0x00000020   Code   RO         1846    i.main_state_err_busy_process  pstorage.o
    0x0001ff04   0x00000076   Code   RO          863    i.manuf_specific_data_encode  ble_advdata.o
    0x0001ff7a   0x00000002   PAD
    0x0001ff7c   0x00000108   Code   RO          609    i.measurements_char_add  ble_qik_motor.o
    0x00020084   0x000000c2   Code   RO          864    i.name_encode       ble_advdata.o
    0x00020146   0x0000001a   Code   RO         1229    i.nrf_delay_ms      nrf_delay.o
    0x00020160   0x00000060   Code   RO         1260    i.nrf_drv_common_irq_enable  nrf_drv_common.o
    0x000201c0   0x000000b8   Code   RO         1305    i.nrf_drv_gpiote_in_event_enable  nrf_drv_gpiote.o
    0x00020278   0x000000d8   Code   RO         1306    i.nrf_drv_gpiote_in_init  nrf_drv_gpiote.o
    0x00020350   0x00000054   Code   RO         1309    i.nrf_drv_gpiote_init  nrf_drv_gpiote.o
    0x000203a4   0x0000008c   Code   RO         2159    i.nrf_drv_saadc_buffer_convert  nrf_drv_saadc.o
    0x00020430   0x00000058   Code   RO         2160    i.nrf_drv_saadc_channel_init  nrf_drv_saadc.o
    0x00020488   0x00000080   Code   RO         2162    i.nrf_drv_saadc_init  nrf_drv_saadc.o
    0x00020508   0x00000020   Code   RO         2165    i.nrf_drv_saadc_sample  nrf_drv_saadc.o
    0x00020528   0x000000e4   Code   RO         1540    i.nrf_drv_uart_init  nrf_drv_uart.o
    0x0002060c   0x000000b0   Code   RO         1541    i.nrf_drv_uart_rx   nrf_drv_uart.o
    0x000206bc   0x00000020   Code   RO         1544    i.nrf_drv_uart_rx_enable  nrf_drv_uart.o
    0x000206dc   0x000000b4   Code   RO         1545    i.nrf_drv_uart_rx_for_uart  nrf_drv_uart.o
    0x00020790   0x000000b4   Code   RO         1546    i.nrf_drv_uart_rx_for_uarte  nrf_drv_uart.o
    0x00020844   0x00000048   Code   RO         1547    i.nrf_drv_uart_tx   nrf_drv_uart.o
    0x0002088c   0x0000008c   Code   RO         1549    i.nrf_drv_uart_tx_for_uart  nrf_drv_uart.o
    0x00020918   0x00000070   Code   RO         1550    i.nrf_drv_uart_tx_for_uarte  nrf_drv_uart.o
    0x00020988   0x00000014   Code   RO         1551    i.nrf_drv_uart_tx_in_progress  nrf_drv_uart.o
    0x0002099c   0x00000024   Code   RO         1322    i.nrf_gpio_cfg      nrf_drv_gpiote.o
    0x000209c0   0x00000024   Code   RO         1553    i.nrf_gpio_cfg      nrf_drv_uart.o
    0x000209e4   0x0000001a   Code   RO         1555    i.nrf_gpio_cfg_input  nrf_drv_uart.o
    0x000209fe   0x00000018   Code   RO         1556    i.nrf_gpio_cfg_output  nrf_drv_uart.o
    0x00020a16   0x00000002   PAD
    0x00020a18   0x00000024   Code   RO         1324    i.nrf_gpio_cfg_sense_set  nrf_drv_gpiote.o
    0x00020a3c   0x00000010   Code   RO           15    i.nrf_gpio_pin_clear  main.o
    0x00020a4c   0x00000010   Code   RO           16    i.nrf_gpio_pin_set  main.o
    0x00020a5c   0x00000010   Code   RO          712    i.nrf_gpio_pin_set  qik_drv_mc.o
    0x00020a6c   0x00000010   Code   RO         1557    i.nrf_gpio_pin_set  nrf_drv_uart.o
    0x00020a7c   0x0000000c   Code   RO         1327    i.nrf_gpiote_event_addr_get  nrf_drv_gpiote.o
    0x00020a88   0x0000001c   Code   RO         1328    i.nrf_gpiote_event_clear  nrf_drv_gpiote.o
    0x00020aa4   0x00000016   Code   RO         1329    i.nrf_gpiote_event_is_set  nrf_drv_gpiote.o
    0x00020aba   0x00000002   PAD
    0x00020abc   0x0000000c   Code   RO         1330    i.nrf_gpiote_int_enable  nrf_drv_gpiote.o
    0x00020ac8   0x00000010   Code   RO         2168    i.nrf_saadc_buffer_init  nrf_drv_saadc.o
    0x00020ad8   0x00000068   Code   RO         2290    i.nrf_saadc_channel_init  nrf_saadc.o
    0x00020b40   0x00000018   Code   RO         2169    i.nrf_saadc_channel_input_set  nrf_drv_saadc.o
    0x00020b58   0x00000014   Code   RO         2170    i.nrf_saadc_event_check  nrf_drv_saadc.o
    0x00020b6c   0x0000000c   Code   RO         2171    i.nrf_saadc_event_clear  nrf_drv_saadc.o
    0x00020b78   0x0000000c   Code   RO         2172    i.nrf_saadc_int_disable  nrf_drv_saadc.o
    0x00020b84   0x0000000c   Code   RO         2173    i.nrf_saadc_int_enable  nrf_drv_saadc.o
    0x00020b90   0x0000000c   Code   RO         2175    i.nrf_saadc_task_trigger  nrf_drv_saadc.o
    0x00020b9c   0x0000000c   Code   RO         1558    i.nrf_uart_errorsrc_get_and_clear  nrf_drv_uart.o
    0x00020ba8   0x0000000e   Code   RO         1559    i.nrf_uart_event_check  nrf_drv_uart.o
    0x00020bb6   0x00000006   Code   RO         1560    i.nrf_uart_event_clear  nrf_drv_uart.o
    0x00020bbc   0x0000000a   Code   RO         1561    i.nrf_uart_hwfc_pins_set  nrf_drv_uart.o
    0x00020bc6   0x00000006   Code   RO         1562    i.nrf_uart_int_disable  nrf_drv_uart.o
    0x00020bcc   0x00000006   Code   RO         1563    i.nrf_uart_int_enable  nrf_drv_uart.o
    0x00020bd2   0x00000012   Code   RO         1564    i.nrf_uart_int_enable_check  nrf_drv_uart.o
    0x00020be4   0x00000006   Code   RO         1565    i.nrf_uart_task_trigger  nrf_drv_uart.o
    0x00020bea   0x0000000a   Code   RO         1566    i.nrf_uart_txrx_pins_set  nrf_drv_uart.o
    0x00020bf4   0x0000000c   Code   RO         1567    i.nrf_uarte_errorsrc_get_and_clear  nrf_drv_uart.o
    0x00020c00   0x0000000e   Code   RO         1568    i.nrf_uarte_event_check  nrf_drv_uart.o
    0x00020c0e   0x00000006   Code   RO         1569    i.nrf_uarte_event_clear  nrf_drv_uart.o
    0x00020c14   0x0000000c   Code   RO         1570    i.nrf_uarte_hwfc_pins_set  nrf_drv_uart.o
    0x00020c20   0x00000006   Code   RO         1571    i.nrf_uarte_int_disable  nrf_drv_uart.o
    0x00020c26   0x00000006   Code   RO         1572    i.nrf_uarte_int_enable  nrf_drv_uart.o
    0x00020c2c   0x0000000a   Code   RO         1573    i.nrf_uarte_rx_amount_get  nrf_drv_uart.o
    0x00020c36   0x00000006   Code   RO         1574    i.nrf_uarte_task_trigger  nrf_drv_uart.o
    0x00020c3c   0x0000000e   Code   RO         1575    i.nrf_uarte_txrx_pins_set  nrf_drv_uart.o
    0x00020c4a   0x00000018   Code   RO           17    i.on_adv_evt        main.o
    0x00020c62   0x00000002   PAD
    0x00020c64   0x00000040   Code   RO           18    i.on_ble_evt        main.o
    0x00020ca4   0x00000040   Code   RO           19    i.on_conn_params_evt  main.o
    0x00020ce4   0x00000018   Code   RO         1089    i.on_conn_params_update  ble_conn_params.o
    0x00020cfc   0x00000006   Code   RO          370    i.on_connect        ble_bas.o
    0x00020d02   0x00000002   PAD
    0x00020d04   0x00000038   Code   RO         1090    i.on_connect        ble_conn_params.o
    0x00020d3c   0x00000008   Code   RO          371    i.on_disconnect     ble_bas.o
    0x00020d44   0x00000040   Code   RO         1091    i.on_disconnect     ble_conn_params.o
    0x00020d84   0x00000058   Code   RO         1092    i.on_write          ble_conn_params.o
    0x00020ddc   0x00000018   Code   RO          991    i.peer_address_exists  ble_advertising.o
    0x00020df4   0x0000001c   Code   RO         1332    i.pin_in_use_by_gpiote  nrf_drv_gpiote.o
    0x00020e10   0x00000018   Code   RO         1333    i.pin_in_use_by_port  nrf_drv_gpiote.o
    0x00020e28   0x00000020   Code   RO         1334    i.pin_in_use_by_te  nrf_drv_gpiote.o
    0x00020e48   0x0000000c   Code   RO         1335    i.pin_in_use_clear  nrf_drv_gpiote.o
    0x00020e54   0x00000114   Code   RO         2999    i.print_evt         msgs.o
    0x00020f68   0x0000002c   Code   RO         1847    i.pstorage_access_status_get  pstorage.o
    0x00020f94   0x0000001e   Code   RO         1850    i.pstorage_flash_page_end  pstorage.o
    0x00020fb2   0x0000000a   Code   RO         1851    i.pstorage_flash_page_size  pstorage.o
    0x00020fbc   0x00000048   Code   RO         1856    i.pstorage_sys_event_handler  pstorage.o
    0x00021004   0x000000dc   Code   RO          713    i.qik_drv_err_pin_setup  qik_drv_mc.o
    0x000210e0   0x0000007c   Code   RO          714    i.qik_drv_get_all_config_parameters  qik_drv_mc.o
    0x0002115c   0x0000003c   Code   RO          715    i.qik_drv_get_byte  qik_drv_mc.o
    0x00021198   0x0000000e   Code   RO          716    i.qik_drv_get_error  qik_drv_mc.o
    0x000211a6   0x0000000e   Code   RO          717    i.qik_drv_get_firmware_version  qik_drv_mc.o
    0x000211b4   0x000000ac   Code   RO          720    i.qik_drv_get_parameter  qik_drv_mc.o
    0x00021260   0x0000006c   Code   RO           20    i.qik_drv_init      main.o
    0x000212cc   0x00000088   Code   RO          721    i.qik_drv_print_config_parameters  qik_drv_mc.o
    0x00021354   0x00000026   Code   RO          722    i.qik_drv_set_byte  qik_drv_mc.o
    0x0002137a   0x00000002   PAD
    0x0002137c   0x00000140   Code   RO          723    i.qik_drv_set_motor_speed  qik_drv_mc.o
    0x000214bc   0x00000150   Code   RO          724    i.qik_drv_set_parameter  qik_drv_mc.o
    0x0002160c   0x000001d0   Code   RO          725    i.qik_drv_setup     qik_drv_mc.o
    0x000217dc   0x00000064   Code   RO          726    i.qik_drv_uart_setup  qik_drv_mc.o
    0x00021840   0x000000ec   Code   RO          727    i.qik_drv_update_config_parameters  qik_drv_mc.o
    0x0002192c   0x0000000c   Code   RO         2376    i.rtc1_compare0_set  app_timer.o
    0x00021938   0x0000000c   Code   RO         2377    i.rtc1_counter_get  app_timer.o
    0x00021944   0x00000018   Code   RO         2378    i.rtc1_init         app_timer.o
    0x0002195c   0x0000003c   Code   RO         2379    i.rtc1_start        app_timer.o
    0x00021998   0x00000058   Code   RO         2380    i.rtc1_stop         app_timer.o
    0x000219f0   0x00000050   Code   RO         1577    i.rx_byte           nrf_drv_uart.o
    0x00021a40   0x00000024   Code   RO         1578    i.rx_done_event     nrf_drv_uart.o
    0x00021a64   0x00000024   Code   RO         1579    i.rx_enable         nrf_drv_uart.o
    0x00021a88   0x00000068   Code   RO          372    i.saadc_handler     ble_bas.o
    0x00021af0   0x000000b8   Code   RO          373    i.saadc_init        ble_bas.o
    0x00021ba8   0x0000001c   Code   RO         3150    i.sd_check_ram_start  softdevice_handler.o
    0x00021bc4   0x000000d0   Code   RO         3151    i.sd_nvic_EnableIRQ  softdevice_handler.o
    0x00021c94   0x00000036   Code   RO          865    i.sec_mgr_oob_flags_encode  ble_advdata.o
    0x00021cca   0x00000096   Code   RO          866    i.service_data_encode  ble_advdata.o
    0x00021d60   0x00000034   Code   RO           21    i.services_init     main.o
    0x00021d94   0x00000030   Code   RO           22    i.sleep_mode_enter  main.o
    0x00021dc4   0x00000014   Code   RO         1858    i.sm_state_change   pstorage.o
    0x00021dd8   0x00000018   Code   RO         3152    i.softdevice_ble_evt_handler_set  softdevice_handler.o
    0x00021df0   0x0000001c   Code   RO         3153    i.softdevice_enable  softdevice_handler.o
    0x00021e0c   0x0000002c   Code   RO         3154    i.softdevice_enable_get_default_config  softdevice_handler.o
    0x00021e38   0x00000014   Code   RO         3155    i.softdevice_fault_handler  softdevice_handler.o
    0x00021e4c   0x00000064   Code   RO         3156    i.softdevice_handler_init  softdevice_handler.o
    0x00021eb0   0x00000018   Code   RO         3159    i.softdevice_sys_evt_handler_set  softdevice_handler.o
    0x00021ec8   0x000000e4   Code   RO          610    i.speed_char_add    ble_qik_motor.o
    0x00021fac   0x0000000e   Code   RO          867    i.srdata_check      ble_advdata.o
    0x00021fba   0x00000002   PAD
    0x00021fbc   0x00000010   Code   RO         1859    i.state_data_erase_entry_run  pstorage.o
    0x00021fcc   0x0000008c   Code   RO         1860    i.state_data_erase_swap_entry_run  pstorage.o
    0x00022058   0x00000038   Code   RO         1861    i.state_entry_action_run  pstorage.o
    0x00022090   0x00000010   Code   RO         1862    i.state_erase_data_page_entry_run  pstorage.o
    0x000220a0   0x0000001c   Code   RO         1863    i.state_idle_entry_run  pstorage.o
    0x000220bc   0x00000034   Code   RO         1864    i.state_restore_head_entry_run  pstorage.o
    0x000220f0   0x00000058   Code   RO         1865    i.state_restore_tail_entry_run  pstorage.o
    0x00022148   0x00000008   Code   RO         1866    i.state_store_entry_run  pstorage.o
    0x00022150   0x0000001e   Code   RO         1867    i.state_swap_erase_entry_run  pstorage.o
    0x0002216e   0x00000002   PAD
    0x00022170   0x00000038   Code   RO         1868    i.state_write_data_swap_entry_run  pstorage.o
    0x000221a8   0x00000068   Code   RO         1869    i.store_cmd_flash_write_execute  pstorage.o
    0x00022210   0x0000000a   Code   RO         1870    i.store_operation_execute  pstorage.o
    0x0002221a   0x00000002   PAD
    0x0002221c   0x00000048   Code   RO         1871    i.store_sub_state_sm_run  pstorage.o
    0x00022264   0x00000020   Code   RO         1872    i.swap_erase_state_run  pstorage.o
    0x00022284   0x00000008   Code   RO         1873    i.swap_sub_sm_exit_action_run  pstorage.o
    0x0002228c   0x00000018   Code   RO         1874    i.swap_sub_state_entry_action_run  pstorage.o
    0x000222a4   0x00000020   Code   RO         1875    i.swap_sub_state_err_busy_process  pstorage.o
    0x000222c4   0x00000018   Code   RO         1876    i.swap_sub_state_sm_run  pstorage.o
    0x000222dc   0x00000014   Code   RO         1877    i.swap_sub_state_state_change  pstorage.o
    0x000222f0   0x00000012   Code   RO           23    i.sys_evt_dispatch  main.o
    0x00022302   0x00000002   PAD
    0x00022304   0x0000001c   Code   RO         1878    i.tail_restore_state_run  pstorage.o
    0x00022320   0x0000004c   Code   RO         1879    i.tail_word_size_calculate  pstorage.o
    0x0002236c   0x0000000a   Code   RO         2381    i.ticks_diff_get    app_timer.o
    0x00022376   0x00000002   PAD
    0x00022378   0x00000078   Code   RO         2382    i.timeout_handler_exec  app_timer.o
    0x000223f0   0x00000010   Code   RO           24    i.timer_battery_handler  main.o
    0x00022400   0x00000078   Code   RO           25    i.timer_led_handler  main.o
    0x00022478   0x00000054   Code   RO         2383    i.timer_list_handler  app_timer.o
    0x000224cc   0x0000000a   Code   RO         2384    i.timer_list_handler_sched  app_timer.o
    0x000224d6   0x00000002   PAD
    0x000224d8   0x00000068   Code   RO         2385    i.timer_list_insert  app_timer.o
    0x00022540   0x0000006c   Code   RO         2386    i.timer_list_remove  app_timer.o
    0x000225ac   0x0000001c   Code   RO           26    i.timer_motor_safety_handler  main.o
    0x000225c8   0x0000005c   Code   RO         2387    i.timer_start_op_schedule  app_timer.o
    0x00022624   0x00000040   Code   RO         2389    i.timer_stop_op_schedule  app_timer.o
    0x00022664   0x00000098   Code   RO         2390    i.timer_timeouts_check  app_timer.o
    0x000226fc   0x0000000a   Code   RO         2391    i.timer_timeouts_check_sched  app_timer.o
    0x00022706   0x00000002   PAD
    0x00022708   0x000000a8   Code   RO           27    i.timers_init       main.o
    0x000227b0   0x00000046   Code   RO          868    i.tk_value_encode   ble_advdata.o
    0x000227f6   0x00000002   PAD
    0x000227f8   0x00000038   Code   RO         1580    i.tx_byte           nrf_drv_uart.o
    0x00022830   0x0000002c   Code   RO         1581    i.tx_done_event     nrf_drv_uart.o
    0x0002285c   0x00000036   Code   RO          869    i.tx_power_level_encode  ble_advdata.o
    0x00022892   0x00000002   PAD
    0x00022894   0x0000009c   Code   RO          728    i.uart_error_handle  qik_drv_mc.o
    0x00022930   0x000000c0   Code   RO         2826    i.uart_event_handler  app_uart_fifo.o
    0x000229f0   0x00000160   Code   RO         1582    i.uart_irq_handler  nrf_drv_uart.o
    0x00022b50   0x0000012c   Code   RO         1583    i.uarte_irq_handler  nrf_drv_uart.o
    0x00022c7c   0x0000000c   Code   RO          870    i.uint16_encode     ble_advdata.o
    0x00022c88   0x00000008   Code   RO         1880    i.update_operation_execute  pstorage.o
    0x00022c90   0x00000090   Code   RO         1093    i.update_timeout_handler  ble_conn_params.o
    0x00022d20   0x00000058   Code   RO         2392    i.user_id_get       app_timer.o
    0x00022d78   0x00000030   Code   RO         2393    i.user_op_alloc     app_timer.o
    0x00022da8   0x00000004   Code   RO         2394    i.user_op_enque     app_timer.o
    0x00022dac   0x0000004e   Code   RO          871    i.uuid_list_encode  ble_advdata.o
    0x00022dfa   0x000000dc   Code   RO          872    i.uuid_list_sized_encode  ble_advdata.o
    0x00022ed6   0x00000012   Code   RO          992    i.whitelist_has_entries  ble_advertising.o
    0x00022ee8   0x00000010   Data   RO           29    .constdata          main.o
    0x00022ef8   0x0000000c   Data   RO          374    .constdata          ble_bas.o
    0x00022f04   0x00000020   Data   RO          507    .constdata          ble_brobot_error.o
    0x00022f24   0x00000020   Data   RO          560    .constdata          ble_qik_cfg.o
    0x00022f44   0x00000030   Data   RO          611    .constdata          ble_qik_motor.o
    0x00022f74   0x00000004   Data   RO          730    .constdata          qik_drv_mc.o
    0x00022f78   0x00000004   Data   RO         1095    .constdata          ble_conn_params.o
    0x00022f7c   0x00000020   Data   RO         1585    .constdata          nrf_drv_uart.o
    0x00022f9c   0x00000028   Data   RO         1882    .constdata          pstorage.o
    0x00022fc4   0x00000003   Data   RO         2177    .constdata          nrf_drv_saadc.o
    0x00022fc7   0x00000001   PAD
    0x00022fc8   0x00000020   Data   RO         2828    .constdata          app_uart_fifo.o
    0x00022fe8   0x00000010   Data   RO         3113    .constdata          segger_rtt_printf.o
    0x00022ff8   0x00000047   Data   RO           30    .conststring        main.o
    0x0002303f   0x00000001   PAD
    0x00023040   0x0000072e   Data   RO         3000    .conststring        msgs.o
    0x0002376e   0x00000002   PAD
    0x00023770   0x00000009   Data   RO         3033    .conststring        segger_rtt.o
    0x00023779   0x00000003   PAD
    0x0002377c   0x00000057   Data   RO         3161    .conststring        softdevice_handler.o
    0x000237d3   0x00000001   PAD
    0x000237d4   0x00000020   Data   RO         3378    Region$$Table       anon$$obj.o


    Execution Region RW_IRAM1 (Base: 0x20002080, Size: 0x00002d30, Max: 0x0000df80, ABSOLUTE, COMPRESSED[0x000000c8])

    Base Addr    Size         Type   Attr      Idx    E Section Name        Object

    0x20002080   0x00000006   Data   RW           31    .data               main.o
    0x20002086   0x00000002   PAD
    0x20002088   0x0000000c   Data   RW          376    .data               ble_bas.o
    0x20002094   0x00000004   Data   RW          732    .data               qik_drv_mc.o
    0x20002098   0x00000020   Data   RW          994    .data               ble_advertising.o
    0x200020b8   0x00000015   Data   RW         1096    .data               ble_conn_params.o
    0x200020cd   0x00000003   PAD
    0x200020d0   0x00000028   Data   RW         1883    .data               pstorage.o
    0x200020f8   0x00000022   Data   RW         2395    .data               app_timer.o
    0x2000211a   0x00000002   PAD
    0x2000211c   0x00000006   Data   RW         2829    .data               app_uart_fifo.o
    0x20002122   0x00000002   PAD
    0x20002124   0x000000bc   Data   RW         3001    .data               msgs.o
    0x200021e0   0x00000079   Data   RW         3034    .data               segger_rtt.o
    0x20002259   0x00000003   PAD
    0x2000225c   0x00000018   Data   RW         3162    .data               softdevice_handler.o
    0x20002274   0x00000004   Data   RW         3275    .data               system_nrf52.o
    0x20002278   0x000002bc   Zero   RW           28    .bss                main.o
    0x20002534   0x00000100   Zero   RW          729    .bss                qik_drv_mc.o
    0x20002634   0x00000103   Zero   RW          993    .bss                ble_advertising.o
    0x20002737   0x00000001   PAD
    0x20002738   0x0000003c   Zero   RW         1094    .bss                ble_conn_params.o
    0x20002774   0x00000058   Zero   RW         1336    .bss                nrf_drv_gpiote.o
    0x200027cc   0x00000020   Zero   RW         1584    .bss                nrf_drv_uart.o
    0x200027ec   0x000000e4   Zero   RW         1881    .bss                pstorage.o
    0x200028d0   0x0000002c   Zero   RW         2176    .bss                nrf_drv_saadc.o
    0x200028fc   0x00000020   Zero   RW         2320    .bss                app_error.o
    0x2000291c   0x00000058   Zero   RW         2668    .bss                fstorage.o
    0x20002974   0x00000020   Zero   RW         2827    .bss                app_uart_fifo.o
    0x20002994   0x00000410   Zero   RW         3032    .bss                segger_rtt.o
    0x20002da4   0x0000000c   Zero   RW         3160    .bss                softdevice_handler.o
    0x20002db0   0x00002000   Zero   RW         3256    STACK               arm_startup_nrf52.o


==============================================================================

Image component sizes


      Code (inc. data)   RO Data    RW Data    ZI Data      Debug   Object Name

       168          4          0          0         32       3958   app_error.o
        44          6          0          0          0        758   app_error_weak.o
       170          0          0          0          0       5270   app_fifo.o
      2514        336          0         34          0      60487   app_timer.o
       518         68         32          6         32      10618   app_uart_fifo.o
        36          8       1024          0       8192        888   arm_startup_nrf52.o
      2136          0          0          0          0      24032   ble_advdata.o
      1464        140          0         32        259      15109   ble_advertising.o
      1092        218         12         12          0      53018   ble_bas.o
       408         64         32          0          0       3384   ble_brobot_error.o
       718        122          4         21         60      18840   ble_conn_params.o
       776        124         32          0          0       7508   ble_qik_cfg.o
       704        100         48          0          0       5016   ble_qik_motor.o
        24          6          0          0         88       3248   fstorage.o
         0          0          0          0          0       5032   hc_sr04.o
      1926        442         87          6        700     112707   main.o
       616        272       1838        188          0       2633   msgs.o
       144          0          0          0          0       1783   nrf_delay.o
        96         12          0          0          0      28863   nrf_drv_common.o
      1354        122          0          0         88      24560   nrf_drv_gpiote.o
       712         74          3          0         44      17147   nrf_drv_saadc.o
      2532        184         32          0         32      42721   nrf_drv_uart.o
       104          6          0          0          0       6297   nrf_saadc.o
      2496        326         40         40        228      38690   pstorage.o
      2574        656          4          4        256      24967   qik_drv_mc.o
       426          4          9        121       1040       4336   segger_rtt.o
      1076          4         16          0          0       6805   segger_rtt_printf.o
       708         90         87         24         12      43925   softdevice_handler.o
       988        102          0          4          0      32234   system_nrf52.o

    ----------------------------------------------------------------------
     26570       3490       3340        504      11064     604834   Object Totals
         0          0         32          0          0          0   (incl. Generated)
        46          0          8         12          1          0   (incl. Padding)

    ----------------------------------------------------------------------

      Code (inc. data)   RO Data    RW Data    ZI Data      Debug   Library Member Name

        86          0          0          0          0          0   __dczerorl2.o
         0          0          0          0          0          0   entry.o
         0          0          0          0          0          0   entry10a.o
         0          0          0          0          0          0   entry11a.o
         8          4          0          0          0          0   entry2.o
         4          0          0          0          0          0   entry5.o
         0          0          0          0          0          0   entry7b.o
         0          0          0          0          0          0   entry8b.o
         8          4          0          0          0          0   entry9a.o
        30          0          0          0          0          0   handlers.o
        36          8          0          0          0         68   init.o
         0          0          0          0          0          0   iusefp.o
        30          0          0          0          0         68   llshl.o
        32          0          0          0          0         68   llushr.o
        36          0          0          0          0         68   memcpya.o
        36          0          0          0          0        108   memseta.o
       186          0          0          0          0        176   depilogue.o
        50          0          0          0          0         76   dfixui.o
        26          0          0          0          0         76   dfltui.o
       228          0          0          0          0         96   dmul.o

    ----------------------------------------------------------------------
       798         16          0          0          0        804   Library Totals
         2          0          0          0          0          0   (incl. Padding)

    ----------------------------------------------------------------------

      Code (inc. data)   RO Data    RW Data    ZI Data      Debug   Library Name

       306         16          0          0          0        380   mc_w.l
       490          0          0          0          0        424   mf_w.l

    ----------------------------------------------------------------------
       798         16          0          0          0        804   Library Totals

    ----------------------------------------------------------------------

==============================================================================


      Code (inc. data)   RO Data    RW Data    ZI Data      Debug   

     27368       3506       3340        504      11064     576558   Grand Totals
     27368       3506       3340        200      11064     576558   ELF Image Totals (compressed)
     27368       3506       3340        200          0          0   ROM Totals

==============================================================================

    Total RO  Size (Code + RO Data)                30708 (  29.99kB)
    Total RW  Size (RW Data + ZI Data)             11568 (  11.30kB)
    Total ROM Size (Code + RO Data + RW Data)      30908 (  30.18kB)

==============================================================================

